AR npc behavioral C:/Users/Juli/Desktop/Daniela/trabajoxilinx/Procesador1/nPC.vhd sub00/vhpl01 1475871492
EN npc NULL C:/Users/Juli/Desktop/Daniela/trabajoxilinx/Procesador1/nPC.vhd sub00/vhpl00 1475871491
AR sumdor behavioral C:/Users/Juli/Desktop/Procesador1/sumdOr.vhd sub00/vhpl03 1476304915
EN sumdor NULL C:/Users/Juli/Desktop/Procesador1/sumdOr.vhd sub00/vhpl02 1476304914
