V3 10
FL C:/Users/Juli/Desktop/Daniela/trabajoxilinx/Procesador1/aLU.vhd 2016/10/16.13:54:21 P.20131013
EN work/aLU 1476644064 \
      FL C:/Users/Juli/Desktop/Daniela/trabajoxilinx/Procesador1/aLU.vhd \
      PB ieee/std_logic_1164 1381692176 PB ieee/STD_LOGIC_UNSIGNED 1381692179
AR work/aLU/Behavioral 1476644065 \
      FL C:/Users/Juli/Desktop/Daniela/trabajoxilinx/Procesador1/aLU.vhd \
      EN work/aLU 1476644064
FL C:/Users/Juli/Desktop/Daniela/trabajoxilinx/Procesador1/nPC.vhd 2016/10/16.14:51:18 P.20131013
EN work/nPC 1476647481 \
      FL C:/Users/Juli/Desktop/Daniela/trabajoxilinx/Procesador1/nPC.vhd \
      PB ieee/std_logic_1164 1381692176
AR work/nPC/Behavioral 1476647482 \
      FL C:/Users/Juli/Desktop/Daniela/trabajoxilinx/Procesador1/nPC.vhd \
      EN work/nPC 1476647481
FL C:/Users/Juli/Desktop/Daniela/trabajoxilinx/Procesador1/sumdOr.vhd 2016/10/07.15:43:44 P.20131013
EN work/sumdOr 1476643326 \
      FL C:/Users/Juli/Desktop/Daniela/trabajoxilinx/Procesador1/sumdOr.vhd \
      PB ieee/std_logic_1164 1381692176 PB ieee/NUMERIC_STD 1381692181 \
      PB ieee/STD_LOGIC_UNSIGNED 1381692179
AR work/sumdOr/Behavioral 1476643327 \
      FL C:/Users/Juli/Desktop/Daniela/trabajoxilinx/Procesador1/sumdOr.vhd \
      EN work/sumdOr 1476643326
FL C:/Users/Juli/Desktop/Procesador1/sumdOr.vhd 2016/10/07.15:43:44 P.20131013
