--------------------------------------------------------------------------------
Release 14.7 Trace  (nt64)
Copyright (c) 1995-2013 Xilinx, Inc.  All rights reserved.

C:\Xilinx\14.7\ISE_DS\ISE\bin\nt64\unwrapped\trce.exe -intstyle ise -v 3 -s 5
-n 3 -fastpaths -xml sumdOr.twx sumdOr.ncd -o sumdOr.twr sumdOr.pcf

Design file:              sumdOr.ncd
Physical constraint file: sumdOr.pcf
Device,package,speed:     xc3s500e,fg320,-5 (PRODUCTION 1.27 2013-10-13)
Report level:             verbose report

Environment Variable      Effect 
--------------------      ------ 
NONE                      No environment variables were set
--------------------------------------------------------------------------------

INFO:Timing:2698 - No timing constraints found, doing default enumeration.
INFO:Timing:3412 - To improve timing, see the Timing Closure User Guide (UG612).
INFO:Timing:2752 - To get complete path coverage, use the unconstrained paths 
   option. All paths that are not constrained will be reported in the 
   unconstrained paths section(s) of the report.
INFO:Timing:3339 - The clock-to-out numbers in this timing report are based on 
   a 50 Ohm transmission line loading model.  For the details of this model, 
   and for more information on accounting for different loading conditions, 
   please see the device datasheet.
INFO:Timing:3390 - This architecture does not support a default System Jitter 
   value, please add SYSTEM_JITTER constraint to the UCF to modify the Clock 
   Uncertainty calculation.
INFO:Timing:3389 - This architecture does not support 'Discrete Jitter' and 
   'Phase Error' calculations, these terms will be zero in the Clock 
   Uncertainty calculation.  Please make appropriate modification to 
   SYSTEM_JITTER to account for the unsupported Discrete Jitter and Phase 
   Error.



Data Sheet report:
-----------------
All values displayed in nanoseconds (ns)

Pad to Pad
---------------+---------------+---------+
Source Pad     |Destination Pad|  Delay  |
---------------+---------------+---------+
senal<0>       |salida<0>      |    7.729|
senal<0>       |salida<1>      |    8.078|
senal<0>       |salida<2>      |    8.377|
senal<0>       |salida<3>      |    8.703|
senal<0>       |salida<4>      |    8.174|
senal<0>       |salida<5>      |    9.168|
senal<0>       |salida<6>      |    8.208|
senal<0>       |salida<7>      |    8.977|
senal<0>       |salida<8>      |    8.491|
senal<0>       |salida<9>      |    8.950|
senal<0>       |salida<10>     |    8.751|
senal<0>       |salida<11>     |    8.454|
senal<0>       |salida<12>     |    9.081|
senal<0>       |salida<13>     |    9.216|
senal<0>       |salida<14>     |    8.690|
senal<0>       |salida<15>     |    8.846|
senal<0>       |salida<16>     |    9.012|
senal<0>       |salida<17>     |    9.103|
senal<0>       |salida<18>     |    9.077|
senal<0>       |salida<19>     |    9.377|
senal<0>       |salida<20>     |    9.256|
senal<0>       |salida<21>     |    8.996|
senal<0>       |salida<22>     |    8.845|
senal<0>       |salida<23>     |    8.880|
senal<0>       |salida<24>     |    8.355|
senal<0>       |salida<25>     |    8.707|
senal<0>       |salida<26>     |    8.900|
senal<0>       |salida<27>     |    8.599|
senal<0>       |salida<28>     |    8.092|
senal<0>       |salida<29>     |    8.670|
senal<0>       |salida<30>     |    8.208|
senal<0>       |salida<31>     |    8.814|
senal<1>       |salida<1>      |    7.396|
senal<1>       |salida<2>      |    7.912|
senal<1>       |salida<3>      |    8.238|
senal<1>       |salida<4>      |    7.709|
senal<1>       |salida<5>      |    8.703|
senal<1>       |salida<6>      |    7.743|
senal<1>       |salida<7>      |    8.512|
senal<1>       |salida<8>      |    8.026|
senal<1>       |salida<9>      |    8.485|
senal<1>       |salida<10>     |    8.286|
senal<1>       |salida<11>     |    7.989|
senal<1>       |salida<12>     |    8.616|
senal<1>       |salida<13>     |    8.751|
senal<1>       |salida<14>     |    8.225|
senal<1>       |salida<15>     |    8.381|
senal<1>       |salida<16>     |    8.547|
senal<1>       |salida<17>     |    8.638|
senal<1>       |salida<18>     |    8.612|
senal<1>       |salida<19>     |    8.912|
senal<1>       |salida<20>     |    8.791|
senal<1>       |salida<21>     |    8.531|
senal<1>       |salida<22>     |    8.380|
senal<1>       |salida<23>     |    8.415|
senal<1>       |salida<24>     |    7.890|
senal<1>       |salida<25>     |    8.242|
senal<1>       |salida<26>     |    8.435|
senal<1>       |salida<27>     |    8.134|
senal<1>       |salida<28>     |    7.627|
senal<1>       |salida<29>     |    8.205|
senal<1>       |salida<30>     |    7.743|
senal<1>       |salida<31>     |    8.349|
senal<2>       |salida<2>      |    8.349|
senal<2>       |salida<3>      |    8.826|
senal<2>       |salida<4>      |    8.534|
senal<2>       |salida<5>      |    9.528|
senal<2>       |salida<6>      |    8.568|
senal<2>       |salida<7>      |    9.337|
senal<2>       |salida<8>      |    8.851|
senal<2>       |salida<9>      |    9.310|
senal<2>       |salida<10>     |    9.111|
senal<2>       |salida<11>     |    8.814|
senal<2>       |salida<12>     |    9.441|
senal<2>       |salida<13>     |    9.576|
senal<2>       |salida<14>     |    9.050|
senal<2>       |salida<15>     |    9.206|
senal<2>       |salida<16>     |    9.372|
senal<2>       |salida<17>     |    9.463|
senal<2>       |salida<18>     |    9.437|
senal<2>       |salida<19>     |    9.737|
senal<2>       |salida<20>     |    9.616|
senal<2>       |salida<21>     |    9.356|
senal<2>       |salida<22>     |    9.205|
senal<2>       |salida<23>     |    9.240|
senal<2>       |salida<24>     |    8.715|
senal<2>       |salida<25>     |    9.067|
senal<2>       |salida<26>     |    9.260|
senal<2>       |salida<27>     |    8.959|
senal<2>       |salida<28>     |    8.452|
senal<2>       |salida<29>     |    9.030|
senal<2>       |salida<30>     |    8.568|
senal<2>       |salida<31>     |    9.174|
senal<3>       |salida<3>      |    8.191|
senal<3>       |salida<4>      |    8.116|
senal<3>       |salida<5>      |    9.110|
senal<3>       |salida<6>      |    8.150|
senal<3>       |salida<7>      |    8.919|
senal<3>       |salida<8>      |    8.433|
senal<3>       |salida<9>      |    8.892|
senal<3>       |salida<10>     |    8.693|
senal<3>       |salida<11>     |    8.396|
senal<3>       |salida<12>     |    9.023|
senal<3>       |salida<13>     |    9.158|
senal<3>       |salida<14>     |    8.632|
senal<3>       |salida<15>     |    8.788|
senal<3>       |salida<16>     |    8.954|
senal<3>       |salida<17>     |    9.045|
senal<3>       |salida<18>     |    9.019|
senal<3>       |salida<19>     |    9.319|
senal<3>       |salida<20>     |    9.198|
senal<3>       |salida<21>     |    8.938|
senal<3>       |salida<22>     |    8.787|
senal<3>       |salida<23>     |    8.822|
senal<3>       |salida<24>     |    8.297|
senal<3>       |salida<25>     |    8.649|
senal<3>       |salida<26>     |    8.842|
senal<3>       |salida<27>     |    8.541|
senal<3>       |salida<28>     |    8.034|
senal<3>       |salida<29>     |    8.612|
senal<3>       |salida<30>     |    8.150|
senal<3>       |salida<31>     |    8.756|
senal<4>       |salida<4>      |    7.536|
senal<4>       |salida<5>      |    8.681|
senal<4>       |salida<6>      |    7.958|
senal<4>       |salida<7>      |    8.727|
senal<4>       |salida<8>      |    8.241|
senal<4>       |salida<9>      |    8.700|
senal<4>       |salida<10>     |    8.501|
senal<4>       |salida<11>     |    8.204|
senal<4>       |salida<12>     |    8.831|
senal<4>       |salida<13>     |    8.966|
senal<4>       |salida<14>     |    8.440|
senal<4>       |salida<15>     |    8.596|
senal<4>       |salida<16>     |    8.762|
senal<4>       |salida<17>     |    8.853|
senal<4>       |salida<18>     |    8.827|
senal<4>       |salida<19>     |    9.127|
senal<4>       |salida<20>     |    9.006|
senal<4>       |salida<21>     |    8.746|
senal<4>       |salida<22>     |    8.595|
senal<4>       |salida<23>     |    8.630|
senal<4>       |salida<24>     |    8.105|
senal<4>       |salida<25>     |    8.457|
senal<4>       |salida<26>     |    8.650|
senal<4>       |salida<27>     |    8.349|
senal<4>       |salida<28>     |    7.842|
senal<4>       |salida<29>     |    8.420|
senal<4>       |salida<30>     |    7.958|
senal<4>       |salida<31>     |    8.564|
senal<5>       |salida<5>      |    8.285|
senal<5>       |salida<6>      |    7.779|
senal<5>       |salida<7>      |    8.548|
senal<5>       |salida<8>      |    8.062|
senal<5>       |salida<9>      |    8.521|
senal<5>       |salida<10>     |    8.322|
senal<5>       |salida<11>     |    8.025|
senal<5>       |salida<12>     |    8.652|
senal<5>       |salida<13>     |    8.787|
senal<5>       |salida<14>     |    8.261|
senal<5>       |salida<15>     |    8.417|
senal<5>       |salida<16>     |    8.583|
senal<5>       |salida<17>     |    8.674|
senal<5>       |salida<18>     |    8.648|
senal<5>       |salida<19>     |    8.948|
senal<5>       |salida<20>     |    8.827|
senal<5>       |salida<21>     |    8.567|
senal<5>       |salida<22>     |    8.416|
senal<5>       |salida<23>     |    8.451|
senal<5>       |salida<24>     |    7.926|
senal<5>       |salida<25>     |    8.278|
senal<5>       |salida<26>     |    8.471|
senal<5>       |salida<27>     |    8.170|
senal<5>       |salida<28>     |    7.663|
senal<5>       |salida<29>     |    8.241|
senal<5>       |salida<30>     |    7.779|
senal<5>       |salida<31>     |    8.385|
senal<6>       |salida<6>      |    7.768|
senal<6>       |salida<7>      |    8.688|
senal<6>       |salida<8>      |    8.439|
senal<6>       |salida<9>      |    8.898|
senal<6>       |salida<10>     |    8.699|
senal<6>       |salida<11>     |    8.402|
senal<6>       |salida<12>     |    9.029|
senal<6>       |salida<13>     |    9.164|
senal<6>       |salida<14>     |    8.638|
senal<6>       |salida<15>     |    8.794|
senal<6>       |salida<16>     |    8.960|
senal<6>       |salida<17>     |    9.051|
senal<6>       |salida<18>     |    9.025|
senal<6>       |salida<19>     |    9.325|
senal<6>       |salida<20>     |    9.204|
senal<6>       |salida<21>     |    8.944|
senal<6>       |salida<22>     |    8.793|
senal<6>       |salida<23>     |    8.828|
senal<6>       |salida<24>     |    8.303|
senal<6>       |salida<25>     |    8.655|
senal<6>       |salida<26>     |    8.848|
senal<6>       |salida<27>     |    8.547|
senal<6>       |salida<28>     |    8.040|
senal<6>       |salida<29>     |    8.618|
senal<6>       |salida<30>     |    8.156|
senal<6>       |salida<31>     |    8.762|
senal<7>       |salida<7>      |    8.094|
senal<7>       |salida<8>      |    8.062|
senal<7>       |salida<9>      |    8.521|
senal<7>       |salida<10>     |    8.322|
senal<7>       |salida<11>     |    8.025|
senal<7>       |salida<12>     |    8.652|
senal<7>       |salida<13>     |    8.787|
senal<7>       |salida<14>     |    8.261|
senal<7>       |salida<15>     |    8.417|
senal<7>       |salida<16>     |    8.583|
senal<7>       |salida<17>     |    8.674|
senal<7>       |salida<18>     |    8.648|
senal<7>       |salida<19>     |    8.948|
senal<7>       |salida<20>     |    8.827|
senal<7>       |salida<21>     |    8.567|
senal<7>       |salida<22>     |    8.416|
senal<7>       |salida<23>     |    8.451|
senal<7>       |salida<24>     |    7.926|
senal<7>       |salida<25>     |    8.278|
senal<7>       |salida<26>     |    8.471|
senal<7>       |salida<27>     |    8.170|
senal<7>       |salida<28>     |    7.663|
senal<7>       |salida<29>     |    8.241|
senal<7>       |salida<30>     |    7.779|
senal<7>       |salida<31>     |    8.385|
senal<8>       |salida<8>      |    8.459|
senal<8>       |salida<9>      |    9.069|
senal<8>       |salida<10>     |    9.107|
senal<8>       |salida<11>     |    8.810|
senal<8>       |salida<12>     |    9.437|
senal<8>       |salida<13>     |    9.572|
senal<8>       |salida<14>     |    9.046|
senal<8>       |salida<15>     |    9.202|
senal<8>       |salida<16>     |    9.368|
senal<8>       |salida<17>     |    9.459|
senal<8>       |salida<18>     |    9.433|
senal<8>       |salida<19>     |    9.733|
senal<8>       |salida<20>     |    9.612|
senal<8>       |salida<21>     |    9.352|
senal<8>       |salida<22>     |    9.201|
senal<8>       |salida<23>     |    9.236|
senal<8>       |salida<24>     |    8.711|
senal<8>       |salida<25>     |    9.063|
senal<8>       |salida<26>     |    9.256|
senal<8>       |salida<27>     |    8.955|
senal<8>       |salida<28>     |    8.448|
senal<8>       |salida<29>     |    9.026|
senal<8>       |salida<30>     |    8.564|
senal<8>       |salida<31>     |    9.170|
senal<9>       |salida<9>      |    8.245|
senal<9>       |salida<10>     |    8.500|
senal<9>       |salida<11>     |    8.203|
senal<9>       |salida<12>     |    8.830|
senal<9>       |salida<13>     |    8.965|
senal<9>       |salida<14>     |    8.439|
senal<9>       |salida<15>     |    8.595|
senal<9>       |salida<16>     |    8.761|
senal<9>       |salida<17>     |    8.852|
senal<9>       |salida<18>     |    8.826|
senal<9>       |salida<19>     |    9.126|
senal<9>       |salida<20>     |    9.005|
senal<9>       |salida<21>     |    8.745|
senal<9>       |salida<22>     |    8.594|
senal<9>       |salida<23>     |    8.629|
senal<9>       |salida<24>     |    8.104|
senal<9>       |salida<25>     |    8.456|
senal<9>       |salida<26>     |    8.649|
senal<9>       |salida<27>     |    8.348|
senal<9>       |salida<28>     |    7.841|
senal<9>       |salida<29>     |    8.419|
senal<9>       |salida<30>     |    7.957|
senal<9>       |salida<31>     |    8.563|
senal<10>      |salida<10>     |    8.353|
senal<10>      |salida<11>     |    8.207|
senal<10>      |salida<12>     |    9.071|
senal<10>      |salida<13>     |    9.206|
senal<10>      |salida<14>     |    8.680|
senal<10>      |salida<15>     |    8.836|
senal<10>      |salida<16>     |    9.002|
senal<10>      |salida<17>     |    9.093|
senal<10>      |salida<18>     |    9.067|
senal<10>      |salida<19>     |    9.367|
senal<10>      |salida<20>     |    9.246|
senal<10>      |salida<21>     |    8.986|
senal<10>      |salida<22>     |    8.835|
senal<10>      |salida<23>     |    8.870|
senal<10>      |salida<24>     |    8.345|
senal<10>      |salida<25>     |    8.697|
senal<10>      |salida<26>     |    8.890|
senal<10>      |salida<27>     |    8.589|
senal<10>      |salida<28>     |    8.082|
senal<10>      |salida<29>     |    8.660|
senal<10>      |salida<30>     |    8.198|
senal<10>      |salida<31>     |    8.804|
senal<11>      |salida<11>     |    7.535|
senal<11>      |salida<12>     |    8.616|
senal<11>      |salida<13>     |    8.751|
senal<11>      |salida<14>     |    8.225|
senal<11>      |salida<15>     |    8.381|
senal<11>      |salida<16>     |    8.547|
senal<11>      |salida<17>     |    8.638|
senal<11>      |salida<18>     |    8.612|
senal<11>      |salida<19>     |    8.912|
senal<11>      |salida<20>     |    8.791|
senal<11>      |salida<21>     |    8.531|
senal<11>      |salida<22>     |    8.380|
senal<11>      |salida<23>     |    8.415|
senal<11>      |salida<24>     |    7.890|
senal<11>      |salida<25>     |    8.242|
senal<11>      |salida<26>     |    8.435|
senal<11>      |salida<27>     |    8.134|
senal<11>      |salida<28>     |    7.627|
senal<11>      |salida<29>     |    8.205|
senal<11>      |salida<30>     |    7.743|
senal<11>      |salida<31>     |    8.349|
senal<12>      |salida<12>     |    8.560|
senal<12>      |salida<13>     |    8.846|
senal<12>      |salida<14>     |    8.557|
senal<12>      |salida<15>     |    8.713|
senal<12>      |salida<16>     |    8.879|
senal<12>      |salida<17>     |    8.970|
senal<12>      |salida<18>     |    8.944|
senal<12>      |salida<19>     |    9.244|
senal<12>      |salida<20>     |    9.123|
senal<12>      |salida<21>     |    8.863|
senal<12>      |salida<22>     |    8.712|
senal<12>      |salida<23>     |    8.747|
senal<12>      |salida<24>     |    8.222|
senal<12>      |salida<25>     |    8.574|
senal<12>      |salida<26>     |    8.767|
senal<12>      |salida<27>     |    8.466|
senal<12>      |salida<28>     |    7.959|
senal<12>      |salida<29>     |    8.537|
senal<12>      |salida<30>     |    8.075|
senal<12>      |salida<31>     |    8.681|
senal<13>      |salida<13>     |    8.767|
senal<13>      |salida<14>     |    8.695|
senal<13>      |salida<15>     |    8.851|
senal<13>      |salida<16>     |    9.017|
senal<13>      |salida<17>     |    9.108|
senal<13>      |salida<18>     |    9.082|
senal<13>      |salida<19>     |    9.382|
senal<13>      |salida<20>     |    9.261|
senal<13>      |salida<21>     |    9.001|
senal<13>      |salida<22>     |    8.850|
senal<13>      |salida<23>     |    8.885|
senal<13>      |salida<24>     |    8.360|
senal<13>      |salida<25>     |    8.712|
senal<13>      |salida<26>     |    8.905|
senal<13>      |salida<27>     |    8.604|
senal<13>      |salida<28>     |    8.097|
senal<13>      |salida<29>     |    8.675|
senal<13>      |salida<30>     |    8.213|
senal<13>      |salida<31>     |    8.819|
senal<14>      |salida<14>     |    8.073|
senal<14>      |salida<15>     |    8.380|
senal<14>      |salida<16>     |    8.783|
senal<14>      |salida<17>     |    8.874|
senal<14>      |salida<18>     |    8.848|
senal<14>      |salida<19>     |    9.148|
senal<14>      |salida<20>     |    9.027|
senal<14>      |salida<21>     |    8.767|
senal<14>      |salida<22>     |    8.616|
senal<14>      |salida<23>     |    8.651|
senal<14>      |salida<24>     |    8.126|
senal<14>      |salida<25>     |    8.478|
senal<14>      |salida<26>     |    8.671|
senal<14>      |salida<27>     |    8.370|
senal<14>      |salida<28>     |    7.863|
senal<14>      |salida<29>     |    8.441|
senal<14>      |salida<30>     |    7.979|
senal<14>      |salida<31>     |    8.585|
senal<15>      |salida<15>     |    8.313|
senal<15>      |salida<16>     |    8.933|
senal<15>      |salida<17>     |    9.024|
senal<15>      |salida<18>     |    8.998|
senal<15>      |salida<19>     |    9.298|
senal<15>      |salida<20>     |    9.177|
senal<15>      |salida<21>     |    8.917|
senal<15>      |salida<22>     |    8.766|
senal<15>      |salida<23>     |    8.801|
senal<15>      |salida<24>     |    8.276|
senal<15>      |salida<25>     |    8.628|
senal<15>      |salida<26>     |    8.821|
senal<15>      |salida<27>     |    8.520|
senal<15>      |salida<28>     |    8.013|
senal<15>      |salida<29>     |    8.591|
senal<15>      |salida<30>     |    8.129|
senal<15>      |salida<31>     |    8.735|
senal<16>      |salida<16>     |    8.295|
senal<16>      |salida<17>     |    8.537|
senal<16>      |salida<18>     |    8.748|
senal<16>      |salida<19>     |    9.048|
senal<16>      |salida<20>     |    8.927|
senal<16>      |salida<21>     |    8.667|
senal<16>      |salida<22>     |    8.516|
senal<16>      |salida<23>     |    8.551|
senal<16>      |salida<24>     |    8.026|
senal<16>      |salida<25>     |    8.378|
senal<16>      |salida<26>     |    8.571|
senal<16>      |salida<27>     |    8.270|
senal<16>      |salida<28>     |    7.763|
senal<16>      |salida<29>     |    8.341|
senal<16>      |salida<30>     |    7.879|
senal<16>      |salida<31>     |    8.485|
senal<17>      |salida<17>     |    8.304|
senal<17>      |salida<18>     |    8.732|
senal<17>      |salida<19>     |    9.032|
senal<17>      |salida<20>     |    8.911|
senal<17>      |salida<21>     |    8.651|
senal<17>      |salida<22>     |    8.500|
senal<17>      |salida<23>     |    8.535|
senal<17>      |salida<24>     |    8.010|
senal<17>      |salida<25>     |    8.362|
senal<17>      |salida<26>     |    8.555|
senal<17>      |salida<27>     |    8.254|
senal<17>      |salida<28>     |    7.747|
senal<17>      |salida<29>     |    8.325|
senal<17>      |salida<30>     |    7.863|
senal<17>      |salida<31>     |    8.469|
senal<18>      |salida<18>     |    8.581|
senal<18>      |salida<19>     |    9.032|
senal<18>      |salida<20>     |    9.148|
senal<18>      |salida<21>     |    8.888|
senal<18>      |salida<22>     |    8.737|
senal<18>      |salida<23>     |    8.772|
senal<18>      |salida<24>     |    8.247|
senal<18>      |salida<25>     |    8.599|
senal<18>      |salida<26>     |    8.792|
senal<18>      |salida<27>     |    8.491|
senal<18>      |salida<28>     |    7.984|
senal<18>      |salida<29>     |    8.562|
senal<18>      |salida<30>     |    8.100|
senal<18>      |salida<31>     |    8.706|
senal<19>      |salida<19>     |    8.606|
senal<19>      |salida<20>     |    8.939|
senal<19>      |salida<21>     |    8.679|
senal<19>      |salida<22>     |    8.528|
senal<19>      |salida<23>     |    8.563|
senal<19>      |salida<24>     |    8.038|
senal<19>      |salida<25>     |    8.390|
senal<19>      |salida<26>     |    8.583|
senal<19>      |salida<27>     |    8.282|
senal<19>      |salida<28>     |    7.775|
senal<19>      |salida<29>     |    8.353|
senal<19>      |salida<30>     |    7.891|
senal<19>      |salida<31>     |    8.497|
senal<20>      |salida<20>     |    8.939|
senal<20>      |salida<21>     |    8.830|
senal<20>      |salida<22>     |    8.916|
senal<20>      |salida<23>     |    8.951|
senal<20>      |salida<24>     |    8.426|
senal<20>      |salida<25>     |    8.778|
senal<20>      |salida<26>     |    8.971|
senal<20>      |salida<27>     |    8.670|
senal<20>      |salida<28>     |    8.163|
senal<20>      |salida<29>     |    8.741|
senal<20>      |salida<30>     |    8.279|
senal<20>      |salida<31>     |    8.885|
senal<21>      |salida<21>     |    8.393|
senal<21>      |salida<22>     |    8.696|
senal<21>      |salida<23>     |    8.731|
senal<21>      |salida<24>     |    8.206|
senal<21>      |salida<25>     |    8.558|
senal<21>      |salida<26>     |    8.751|
senal<21>      |salida<27>     |    8.450|
senal<21>      |salida<28>     |    7.943|
senal<21>      |salida<29>     |    8.521|
senal<21>      |salida<30>     |    8.059|
senal<21>      |salida<31>     |    8.665|
senal<22>      |salida<22>     |    8.391|
senal<22>      |salida<23>     |    8.577|
senal<22>      |salida<24>     |    8.289|
senal<22>      |salida<25>     |    8.641|
senal<22>      |salida<26>     |    8.834|
senal<22>      |salida<27>     |    8.533|
senal<22>      |salida<28>     |    8.026|
senal<22>      |salida<29>     |    8.604|
senal<22>      |salida<30>     |    8.142|
senal<22>      |salida<31>     |    8.748|
senal<23>      |salida<23>     |    8.353|
senal<23>      |salida<24>     |    8.282|
senal<23>      |salida<25>     |    8.634|
senal<23>      |salida<26>     |    8.827|
senal<23>      |salida<27>     |    8.526|
senal<23>      |salida<28>     |    8.019|
senal<23>      |salida<29>     |    8.597|
senal<23>      |salida<30>     |    8.135|
senal<23>      |salida<31>     |    8.741|
senal<24>      |salida<24>     |    7.650|
senal<24>      |salida<25>     |    8.153|
senal<24>      |salida<26>     |    8.583|
senal<24>      |salida<27>     |    8.282|
senal<24>      |salida<28>     |    7.775|
senal<24>      |salida<29>     |    8.353|
senal<24>      |salida<30>     |    7.891|
senal<24>      |salida<31>     |    8.497|
senal<25>      |salida<25>     |    8.353|
senal<25>      |salida<26>     |    9.000|
senal<25>      |salida<27>     |    8.699|
senal<25>      |salida<28>     |    8.192|
senal<25>      |salida<29>     |    8.770|
senal<25>      |salida<30>     |    8.308|
senal<25>      |salida<31>     |    8.914|
senal<26>      |salida<26>     |    8.329|
senal<26>      |salida<27>     |    8.179|
senal<26>      |salida<28>     |    7.909|
senal<26>      |salida<29>     |    8.487|
senal<26>      |salida<30>     |    8.025|
senal<26>      |salida<31>     |    8.631|
senal<27>      |salida<27>     |    7.661|
senal<27>      |salida<28>     |    7.608|
senal<27>      |salida<29>     |    8.186|
senal<27>      |salida<30>     |    7.724|
senal<27>      |salida<31>     |    8.330|
senal<28>      |salida<28>     |    7.865|
senal<28>      |salida<29>     |    8.594|
senal<28>      |salida<30>     |    8.369|
senal<28>      |salida<31>     |    8.975|
senal<29>      |salida<29>     |    7.826|
senal<29>      |salida<30>     |    7.818|
senal<29>      |salida<31>     |    8.424|
senal<30>      |salida<30>     |    7.927|
senal<30>      |salida<31>     |    8.684|
senal<31>      |salida<31>     |    8.016|
variable1<0>   |salida<0>      |    8.620|
variable1<0>   |salida<1>      |    8.969|
variable1<0>   |salida<2>      |    9.268|
variable1<0>   |salida<3>      |    9.594|
variable1<0>   |salida<4>      |    9.065|
variable1<0>   |salida<5>      |   10.059|
variable1<0>   |salida<6>      |    9.099|
variable1<0>   |salida<7>      |    9.868|
variable1<0>   |salida<8>      |    9.382|
variable1<0>   |salida<9>      |    9.841|
variable1<0>   |salida<10>     |    9.642|
variable1<0>   |salida<11>     |    9.345|
variable1<0>   |salida<12>     |    9.972|
variable1<0>   |salida<13>     |   10.107|
variable1<0>   |salida<14>     |    9.581|
variable1<0>   |salida<15>     |    9.737|
variable1<0>   |salida<16>     |    9.903|
variable1<0>   |salida<17>     |    9.994|
variable1<0>   |salida<18>     |    9.968|
variable1<0>   |salida<19>     |   10.268|
variable1<0>   |salida<20>     |   10.147|
variable1<0>   |salida<21>     |    9.887|
variable1<0>   |salida<22>     |    9.736|
variable1<0>   |salida<23>     |    9.771|
variable1<0>   |salida<24>     |    9.246|
variable1<0>   |salida<25>     |    9.598|
variable1<0>   |salida<26>     |    9.791|
variable1<0>   |salida<27>     |    9.490|
variable1<0>   |salida<28>     |    8.983|
variable1<0>   |salida<29>     |    9.561|
variable1<0>   |salida<30>     |    9.099|
variable1<0>   |salida<31>     |    9.705|
variable1<1>   |salida<1>      |    8.610|
variable1<1>   |salida<2>      |    9.126|
variable1<1>   |salida<3>      |    9.452|
variable1<1>   |salida<4>      |    8.923|
variable1<1>   |salida<5>      |    9.917|
variable1<1>   |salida<6>      |    8.957|
variable1<1>   |salida<7>      |    9.726|
variable1<1>   |salida<8>      |    9.240|
variable1<1>   |salida<9>      |    9.699|
variable1<1>   |salida<10>     |    9.500|
variable1<1>   |salida<11>     |    9.203|
variable1<1>   |salida<12>     |    9.830|
variable1<1>   |salida<13>     |    9.965|
variable1<1>   |salida<14>     |    9.439|
variable1<1>   |salida<15>     |    9.595|
variable1<1>   |salida<16>     |    9.761|
variable1<1>   |salida<17>     |    9.852|
variable1<1>   |salida<18>     |    9.826|
variable1<1>   |salida<19>     |   10.126|
variable1<1>   |salida<20>     |   10.005|
variable1<1>   |salida<21>     |    9.745|
variable1<1>   |salida<22>     |    9.594|
variable1<1>   |salida<23>     |    9.629|
variable1<1>   |salida<24>     |    9.104|
variable1<1>   |salida<25>     |    9.456|
variable1<1>   |salida<26>     |    9.649|
variable1<1>   |salida<27>     |    9.348|
variable1<1>   |salida<28>     |    8.841|
variable1<1>   |salida<29>     |    9.419|
variable1<1>   |salida<30>     |    8.957|
variable1<1>   |salida<31>     |    9.563|
variable1<2>   |salida<2>      |    8.822|
variable1<2>   |salida<3>      |    9.299|
variable1<2>   |salida<4>      |    9.007|
variable1<2>   |salida<5>      |   10.001|
variable1<2>   |salida<6>      |    9.041|
variable1<2>   |salida<7>      |    9.810|
variable1<2>   |salida<8>      |    9.324|
variable1<2>   |salida<9>      |    9.783|
variable1<2>   |salida<10>     |    9.584|
variable1<2>   |salida<11>     |    9.287|
variable1<2>   |salida<12>     |    9.914|
variable1<2>   |salida<13>     |   10.049|
variable1<2>   |salida<14>     |    9.523|
variable1<2>   |salida<15>     |    9.679|
variable1<2>   |salida<16>     |    9.845|
variable1<2>   |salida<17>     |    9.936|
variable1<2>   |salida<18>     |    9.910|
variable1<2>   |salida<19>     |   10.210|
variable1<2>   |salida<20>     |   10.089|
variable1<2>   |salida<21>     |    9.829|
variable1<2>   |salida<22>     |    9.678|
variable1<2>   |salida<23>     |    9.713|
variable1<2>   |salida<24>     |    9.188|
variable1<2>   |salida<25>     |    9.540|
variable1<2>   |salida<26>     |    9.733|
variable1<2>   |salida<27>     |    9.432|
variable1<2>   |salida<28>     |    8.925|
variable1<2>   |salida<29>     |    9.503|
variable1<2>   |salida<30>     |    9.041|
variable1<2>   |salida<31>     |    9.647|
variable1<3>   |salida<3>      |    8.755|
variable1<3>   |salida<4>      |    8.680|
variable1<3>   |salida<5>      |    9.674|
variable1<3>   |salida<6>      |    8.714|
variable1<3>   |salida<7>      |    9.483|
variable1<3>   |salida<8>      |    8.997|
variable1<3>   |salida<9>      |    9.456|
variable1<3>   |salida<10>     |    9.257|
variable1<3>   |salida<11>     |    8.960|
variable1<3>   |salida<12>     |    9.587|
variable1<3>   |salida<13>     |    9.722|
variable1<3>   |salida<14>     |    9.196|
variable1<3>   |salida<15>     |    9.352|
variable1<3>   |salida<16>     |    9.518|
variable1<3>   |salida<17>     |    9.609|
variable1<3>   |salida<18>     |    9.583|
variable1<3>   |salida<19>     |    9.883|
variable1<3>   |salida<20>     |    9.762|
variable1<3>   |salida<21>     |    9.502|
variable1<3>   |salida<22>     |    9.351|
variable1<3>   |salida<23>     |    9.386|
variable1<3>   |salida<24>     |    8.861|
variable1<3>   |salida<25>     |    9.213|
variable1<3>   |salida<26>     |    9.406|
variable1<3>   |salida<27>     |    9.105|
variable1<3>   |salida<28>     |    8.598|
variable1<3>   |salida<29>     |    9.176|
variable1<3>   |salida<30>     |    8.714|
variable1<3>   |salida<31>     |    9.320|
variable1<4>   |salida<4>      |    8.146|
variable1<4>   |salida<5>      |    9.291|
variable1<4>   |salida<6>      |    8.568|
variable1<4>   |salida<7>      |    9.337|
variable1<4>   |salida<8>      |    8.851|
variable1<4>   |salida<9>      |    9.310|
variable1<4>   |salida<10>     |    9.111|
variable1<4>   |salida<11>     |    8.814|
variable1<4>   |salida<12>     |    9.441|
variable1<4>   |salida<13>     |    9.576|
variable1<4>   |salida<14>     |    9.050|
variable1<4>   |salida<15>     |    9.206|
variable1<4>   |salida<16>     |    9.372|
variable1<4>   |salida<17>     |    9.463|
variable1<4>   |salida<18>     |    9.437|
variable1<4>   |salida<19>     |    9.737|
variable1<4>   |salida<20>     |    9.616|
variable1<4>   |salida<21>     |    9.356|
variable1<4>   |salida<22>     |    9.205|
variable1<4>   |salida<23>     |    9.240|
variable1<4>   |salida<24>     |    8.715|
variable1<4>   |salida<25>     |    9.067|
variable1<4>   |salida<26>     |    9.260|
variable1<4>   |salida<27>     |    8.959|
variable1<4>   |salida<28>     |    8.452|
variable1<4>   |salida<29>     |    9.030|
variable1<4>   |salida<30>     |    8.568|
variable1<4>   |salida<31>     |    9.174|
variable1<5>   |salida<5>      |    8.516|
variable1<5>   |salida<6>      |    8.010|
variable1<5>   |salida<7>      |    8.779|
variable1<5>   |salida<8>      |    8.293|
variable1<5>   |salida<9>      |    8.752|
variable1<5>   |salida<10>     |    8.553|
variable1<5>   |salida<11>     |    8.256|
variable1<5>   |salida<12>     |    8.883|
variable1<5>   |salida<13>     |    9.018|
variable1<5>   |salida<14>     |    8.492|
variable1<5>   |salida<15>     |    8.648|
variable1<5>   |salida<16>     |    8.814|
variable1<5>   |salida<17>     |    8.905|
variable1<5>   |salida<18>     |    8.879|
variable1<5>   |salida<19>     |    9.179|
variable1<5>   |salida<20>     |    9.058|
variable1<5>   |salida<21>     |    8.798|
variable1<5>   |salida<22>     |    8.647|
variable1<5>   |salida<23>     |    8.682|
variable1<5>   |salida<24>     |    8.157|
variable1<5>   |salida<25>     |    8.509|
variable1<5>   |salida<26>     |    8.702|
variable1<5>   |salida<27>     |    8.401|
variable1<5>   |salida<28>     |    7.894|
variable1<5>   |salida<29>     |    8.472|
variable1<5>   |salida<30>     |    8.010|
variable1<5>   |salida<31>     |    8.616|
variable1<6>   |salida<6>      |    7.894|
variable1<6>   |salida<7>      |    8.814|
variable1<6>   |salida<8>      |    8.565|
variable1<6>   |salida<9>      |    9.024|
variable1<6>   |salida<10>     |    8.825|
variable1<6>   |salida<11>     |    8.528|
variable1<6>   |salida<12>     |    9.155|
variable1<6>   |salida<13>     |    9.290|
variable1<6>   |salida<14>     |    8.764|
variable1<6>   |salida<15>     |    8.920|
variable1<6>   |salida<16>     |    9.086|
variable1<6>   |salida<17>     |    9.177|
variable1<6>   |salida<18>     |    9.151|
variable1<6>   |salida<19>     |    9.451|
variable1<6>   |salida<20>     |    9.330|
variable1<6>   |salida<21>     |    9.070|
variable1<6>   |salida<22>     |    8.919|
variable1<6>   |salida<23>     |    8.954|
variable1<6>   |salida<24>     |    8.429|
variable1<6>   |salida<25>     |    8.781|
variable1<6>   |salida<26>     |    8.974|
variable1<6>   |salida<27>     |    8.673|
variable1<6>   |salida<28>     |    8.166|
variable1<6>   |salida<29>     |    8.744|
variable1<6>   |salida<30>     |    8.282|
variable1<6>   |salida<31>     |    8.888|
variable1<7>   |salida<7>      |    8.176|
variable1<7>   |salida<8>      |    8.144|
variable1<7>   |salida<9>      |    8.603|
variable1<7>   |salida<10>     |    8.404|
variable1<7>   |salida<11>     |    8.107|
variable1<7>   |salida<12>     |    8.734|
variable1<7>   |salida<13>     |    8.869|
variable1<7>   |salida<14>     |    8.343|
variable1<7>   |salida<15>     |    8.499|
variable1<7>   |salida<16>     |    8.665|
variable1<7>   |salida<17>     |    8.756|
variable1<7>   |salida<18>     |    8.730|
variable1<7>   |salida<19>     |    9.030|
variable1<7>   |salida<20>     |    8.909|
variable1<7>   |salida<21>     |    8.649|
variable1<7>   |salida<22>     |    8.498|
variable1<7>   |salida<23>     |    8.533|
variable1<7>   |salida<24>     |    8.008|
variable1<7>   |salida<25>     |    8.360|
variable1<7>   |salida<26>     |    8.553|
variable1<7>   |salida<27>     |    8.252|
variable1<7>   |salida<28>     |    7.745|
variable1<7>   |salida<29>     |    8.323|
variable1<7>   |salida<30>     |    7.861|
variable1<7>   |salida<31>     |    8.467|
variable1<8>   |salida<8>      |    7.493|
variable1<8>   |salida<9>      |    8.103|
variable1<8>   |salida<10>     |    8.141|
variable1<8>   |salida<11>     |    7.844|
variable1<8>   |salida<12>     |    8.471|
variable1<8>   |salida<13>     |    8.606|
variable1<8>   |salida<14>     |    8.080|
variable1<8>   |salida<15>     |    8.236|
variable1<8>   |salida<16>     |    8.402|
variable1<8>   |salida<17>     |    8.493|
variable1<8>   |salida<18>     |    8.467|
variable1<8>   |salida<19>     |    8.767|
variable1<8>   |salida<20>     |    8.646|
variable1<8>   |salida<21>     |    8.386|
variable1<8>   |salida<22>     |    8.235|
variable1<8>   |salida<23>     |    8.270|
variable1<8>   |salida<24>     |    7.745|
variable1<8>   |salida<25>     |    8.097|
variable1<8>   |salida<26>     |    8.290|
variable1<8>   |salida<27>     |    7.989|
variable1<8>   |salida<28>     |    7.482|
variable1<8>   |salida<29>     |    8.060|
variable1<8>   |salida<30>     |    7.598|
variable1<8>   |salida<31>     |    8.204|
variable1<9>   |salida<9>      |    7.774|
variable1<9>   |salida<10>     |    8.029|
variable1<9>   |salida<11>     |    7.732|
variable1<9>   |salida<12>     |    8.359|
variable1<9>   |salida<13>     |    8.494|
variable1<9>   |salida<14>     |    7.968|
variable1<9>   |salida<15>     |    8.124|
variable1<9>   |salida<16>     |    8.290|
variable1<9>   |salida<17>     |    8.381|
variable1<9>   |salida<18>     |    8.355|
variable1<9>   |salida<19>     |    8.655|
variable1<9>   |salida<20>     |    8.534|
variable1<9>   |salida<21>     |    8.274|
variable1<9>   |salida<22>     |    8.123|
variable1<9>   |salida<23>     |    8.158|
variable1<9>   |salida<24>     |    7.633|
variable1<9>   |salida<25>     |    7.985|
variable1<9>   |salida<26>     |    8.178|
variable1<9>   |salida<27>     |    7.877|
variable1<9>   |salida<28>     |    7.370|
variable1<9>   |salida<29>     |    7.948|
variable1<9>   |salida<30>     |    7.486|
variable1<9>   |salida<31>     |    8.092|
variable1<10>  |salida<10>     |    7.483|
variable1<10>  |salida<11>     |    7.337|
variable1<10>  |salida<12>     |    8.201|
variable1<10>  |salida<13>     |    8.336|
variable1<10>  |salida<14>     |    7.810|
variable1<10>  |salida<15>     |    7.966|
variable1<10>  |salida<16>     |    8.132|
variable1<10>  |salida<17>     |    8.223|
variable1<10>  |salida<18>     |    8.197|
variable1<10>  |salida<19>     |    8.497|
variable1<10>  |salida<20>     |    8.376|
variable1<10>  |salida<21>     |    8.116|
variable1<10>  |salida<22>     |    7.965|
variable1<10>  |salida<23>     |    8.000|
variable1<10>  |salida<24>     |    7.475|
variable1<10>  |salida<25>     |    7.827|
variable1<10>  |salida<26>     |    8.020|
variable1<10>  |salida<27>     |    7.719|
variable1<10>  |salida<28>     |    7.212|
variable1<10>  |salida<29>     |    7.790|
variable1<10>  |salida<30>     |    7.328|
variable1<10>  |salida<31>     |    7.934|
variable1<11>  |salida<11>     |    6.885|
variable1<11>  |salida<12>     |    7.966|
variable1<11>  |salida<13>     |    8.101|
variable1<11>  |salida<14>     |    7.575|
variable1<11>  |salida<15>     |    7.731|
variable1<11>  |salida<16>     |    7.897|
variable1<11>  |salida<17>     |    7.988|
variable1<11>  |salida<18>     |    7.962|
variable1<11>  |salida<19>     |    8.262|
variable1<11>  |salida<20>     |    8.141|
variable1<11>  |salida<21>     |    7.881|
variable1<11>  |salida<22>     |    7.730|
variable1<11>  |salida<23>     |    7.765|
variable1<11>  |salida<24>     |    7.240|
variable1<11>  |salida<25>     |    7.592|
variable1<11>  |salida<26>     |    7.785|
variable1<11>  |salida<27>     |    7.484|
variable1<11>  |salida<28>     |    6.977|
variable1<11>  |salida<29>     |    7.555|
variable1<11>  |salida<30>     |    7.093|
variable1<11>  |salida<31>     |    7.699|
variable1<12>  |salida<12>     |    8.368|
variable1<12>  |salida<13>     |    8.654|
variable1<12>  |salida<14>     |    8.365|
variable1<12>  |salida<15>     |    8.521|
variable1<12>  |salida<16>     |    8.687|
variable1<12>  |salida<17>     |    8.778|
variable1<12>  |salida<18>     |    8.752|
variable1<12>  |salida<19>     |    9.052|
variable1<12>  |salida<20>     |    8.931|
variable1<12>  |salida<21>     |    8.671|
variable1<12>  |salida<22>     |    8.520|
variable1<12>  |salida<23>     |    8.555|
variable1<12>  |salida<24>     |    8.030|
variable1<12>  |salida<25>     |    8.382|
variable1<12>  |salida<26>     |    8.575|
variable1<12>  |salida<27>     |    8.274|
variable1<12>  |salida<28>     |    7.767|
variable1<12>  |salida<29>     |    8.345|
variable1<12>  |salida<30>     |    7.883|
variable1<12>  |salida<31>     |    8.489|
variable1<13>  |salida<13>     |    7.792|
variable1<13>  |salida<14>     |    7.720|
variable1<13>  |salida<15>     |    7.876|
variable1<13>  |salida<16>     |    8.042|
variable1<13>  |salida<17>     |    8.133|
variable1<13>  |salida<18>     |    8.107|
variable1<13>  |salida<19>     |    8.407|
variable1<13>  |salida<20>     |    8.286|
variable1<13>  |salida<21>     |    8.026|
variable1<13>  |salida<22>     |    7.875|
variable1<13>  |salida<23>     |    7.910|
variable1<13>  |salida<24>     |    7.385|
variable1<13>  |salida<25>     |    7.737|
variable1<13>  |salida<26>     |    7.930|
variable1<13>  |salida<27>     |    7.629|
variable1<13>  |salida<28>     |    7.122|
variable1<13>  |salida<29>     |    7.700|
variable1<13>  |salida<30>     |    7.238|
variable1<13>  |salida<31>     |    7.844|
variable1<14>  |salida<14>     |    7.613|
variable1<14>  |salida<15>     |    7.920|
variable1<14>  |salida<16>     |    8.323|
variable1<14>  |salida<17>     |    8.414|
variable1<14>  |salida<18>     |    8.388|
variable1<14>  |salida<19>     |    8.688|
variable1<14>  |salida<20>     |    8.567|
variable1<14>  |salida<21>     |    8.307|
variable1<14>  |salida<22>     |    8.156|
variable1<14>  |salida<23>     |    8.191|
variable1<14>  |salida<24>     |    7.666|
variable1<14>  |salida<25>     |    8.018|
variable1<14>  |salida<26>     |    8.211|
variable1<14>  |salida<27>     |    7.910|
variable1<14>  |salida<28>     |    7.403|
variable1<14>  |salida<29>     |    7.981|
variable1<14>  |salida<30>     |    7.519|
variable1<14>  |salida<31>     |    8.125|
variable1<15>  |salida<15>     |    7.714|
variable1<15>  |salida<16>     |    8.334|
variable1<15>  |salida<17>     |    8.425|
variable1<15>  |salida<18>     |    8.399|
variable1<15>  |salida<19>     |    8.699|
variable1<15>  |salida<20>     |    8.578|
variable1<15>  |salida<21>     |    8.318|
variable1<15>  |salida<22>     |    8.167|
variable1<15>  |salida<23>     |    8.202|
variable1<15>  |salida<24>     |    7.677|
variable1<15>  |salida<25>     |    8.029|
variable1<15>  |salida<26>     |    8.222|
variable1<15>  |salida<27>     |    7.921|
variable1<15>  |salida<28>     |    7.414|
variable1<15>  |salida<29>     |    7.992|
variable1<15>  |salida<30>     |    7.530|
variable1<15>  |salida<31>     |    8.136|
variable1<16>  |salida<16>     |    7.783|
variable1<16>  |salida<17>     |    8.025|
variable1<16>  |salida<18>     |    8.236|
variable1<16>  |salida<19>     |    8.536|
variable1<16>  |salida<20>     |    8.415|
variable1<16>  |salida<21>     |    8.155|
variable1<16>  |salida<22>     |    8.004|
variable1<16>  |salida<23>     |    8.039|
variable1<16>  |salida<24>     |    7.514|
variable1<16>  |salida<25>     |    7.866|
variable1<16>  |salida<26>     |    8.059|
variable1<16>  |salida<27>     |    7.758|
variable1<16>  |salida<28>     |    7.251|
variable1<16>  |salida<29>     |    7.829|
variable1<16>  |salida<30>     |    7.367|
variable1<16>  |salida<31>     |    7.973|
variable1<17>  |salida<17>     |    7.683|
variable1<17>  |salida<18>     |    8.111|
variable1<17>  |salida<19>     |    8.411|
variable1<17>  |salida<20>     |    8.290|
variable1<17>  |salida<21>     |    8.030|
variable1<17>  |salida<22>     |    7.879|
variable1<17>  |salida<23>     |    7.914|
variable1<17>  |salida<24>     |    7.389|
variable1<17>  |salida<25>     |    7.741|
variable1<17>  |salida<26>     |    7.934|
variable1<17>  |salida<27>     |    7.633|
variable1<17>  |salida<28>     |    7.126|
variable1<17>  |salida<29>     |    7.704|
variable1<17>  |salida<30>     |    7.242|
variable1<17>  |salida<31>     |    7.848|
variable1<18>  |salida<18>     |    7.571|
variable1<18>  |salida<19>     |    8.022|
variable1<18>  |salida<20>     |    8.138|
variable1<18>  |salida<21>     |    7.878|
variable1<18>  |salida<22>     |    7.727|
variable1<18>  |salida<23>     |    7.762|
variable1<18>  |salida<24>     |    7.237|
variable1<18>  |salida<25>     |    7.589|
variable1<18>  |salida<26>     |    7.782|
variable1<18>  |salida<27>     |    7.481|
variable1<18>  |salida<28>     |    6.974|
variable1<18>  |salida<29>     |    7.552|
variable1<18>  |salida<30>     |    7.090|
variable1<18>  |salida<31>     |    7.696|
variable1<19>  |salida<19>     |    7.599|
variable1<19>  |salida<20>     |    7.932|
variable1<19>  |salida<21>     |    7.672|
variable1<19>  |salida<22>     |    7.521|
variable1<19>  |salida<23>     |    7.556|
variable1<19>  |salida<24>     |    7.031|
variable1<19>  |salida<25>     |    7.383|
variable1<19>  |salida<26>     |    7.576|
variable1<19>  |salida<27>     |    7.275|
variable1<19>  |salida<28>     |    6.768|
variable1<19>  |salida<29>     |    7.346|
variable1<19>  |salida<30>     |    6.884|
variable1<19>  |salida<31>     |    7.490|
variable1<20>  |salida<20>     |    7.630|
variable1<20>  |salida<21>     |    7.521|
variable1<20>  |salida<22>     |    7.607|
variable1<20>  |salida<23>     |    7.642|
variable1<20>  |salida<24>     |    7.117|
variable1<20>  |salida<25>     |    7.469|
variable1<20>  |salida<26>     |    7.662|
variable1<20>  |salida<27>     |    7.361|
variable1<20>  |salida<28>     |    6.854|
variable1<20>  |salida<29>     |    7.432|
variable1<20>  |salida<30>     |    6.970|
variable1<20>  |salida<31>     |    7.576|
variable1<21>  |salida<21>     |    7.195|
variable1<21>  |salida<22>     |    7.498|
variable1<21>  |salida<23>     |    7.533|
variable1<21>  |salida<24>     |    7.008|
variable1<21>  |salida<25>     |    7.360|
variable1<21>  |salida<26>     |    7.553|
variable1<21>  |salida<27>     |    7.252|
variable1<21>  |salida<28>     |    6.745|
variable1<21>  |salida<29>     |    7.323|
variable1<21>  |salida<30>     |    6.861|
variable1<21>  |salida<31>     |    7.467|
variable1<22>  |salida<22>     |    7.414|
variable1<22>  |salida<23>     |    7.600|
variable1<22>  |salida<24>     |    7.312|
variable1<22>  |salida<25>     |    7.664|
variable1<22>  |salida<26>     |    7.857|
variable1<22>  |salida<27>     |    7.556|
variable1<22>  |salida<28>     |    7.049|
variable1<22>  |salida<29>     |    7.627|
variable1<22>  |salida<30>     |    7.165|
variable1<22>  |salida<31>     |    7.771|
variable1<23>  |salida<23>     |    7.199|
variable1<23>  |salida<24>     |    7.128|
variable1<23>  |salida<25>     |    7.480|
variable1<23>  |salida<26>     |    7.673|
variable1<23>  |salida<27>     |    7.372|
variable1<23>  |salida<28>     |    6.865|
variable1<23>  |salida<29>     |    7.443|
variable1<23>  |salida<30>     |    6.981|
variable1<23>  |salida<31>     |    7.587|
variable1<24>  |salida<24>     |    6.768|
variable1<24>  |salida<25>     |    7.271|
variable1<24>  |salida<26>     |    7.701|
variable1<24>  |salida<27>     |    7.400|
variable1<24>  |salida<28>     |    6.893|
variable1<24>  |salida<29>     |    7.471|
variable1<24>  |salida<30>     |    7.009|
variable1<24>  |salida<31>     |    7.615|
variable1<25>  |salida<25>     |    6.733|
variable1<25>  |salida<26>     |    7.380|
variable1<25>  |salida<27>     |    7.079|
variable1<25>  |salida<28>     |    6.572|
variable1<25>  |salida<29>     |    7.150|
variable1<25>  |salida<30>     |    6.688|
variable1<25>  |salida<31>     |    7.294|
variable1<26>  |salida<26>     |    7.025|
variable1<26>  |salida<27>     |    6.875|
variable1<26>  |salida<28>     |    6.605|
variable1<26>  |salida<29>     |    7.183|
variable1<26>  |salida<30>     |    6.721|
variable1<26>  |salida<31>     |    7.327|
variable1<27>  |salida<27>     |    6.511|
variable1<27>  |salida<28>     |    6.458|
variable1<27>  |salida<29>     |    7.036|
variable1<27>  |salida<30>     |    6.574|
variable1<27>  |salida<31>     |    7.180|
variable1<28>  |salida<28>     |    6.215|
variable1<28>  |salida<29>     |    6.944|
variable1<28>  |salida<30>     |    6.719|
variable1<28>  |salida<31>     |    7.325|
variable1<29>  |salida<29>     |    6.486|
variable1<29>  |salida<30>     |    6.478|
variable1<29>  |salida<31>     |    7.084|
variable1<30>  |salida<30>     |    6.288|
variable1<30>  |salida<31>     |    7.045|
variable1<31>  |salida<31>     |    5.916|
---------------+---------------+---------+


Analysis completed Sun Oct 16 13:42:30 2016 
--------------------------------------------------------------------------------

Trace Settings:
-------------------------
Trace Settings 

Peak Memory Usage: 178 MB



