V3 3
FL C:/Users/utp/Desktop/arquitectura/Ejemplo1/Arquitectura.vhd 2016/09/05.19:20:42 P.20131013
EN work/Arquitectura 1473121304 \
      FL C:/Users/utp/Desktop/arquitectura/Ejemplo1/Arquitectura.vhd \
      PB ieee/std_logic_1164 1381692176
AR work/Arquitectura/Behavioral 1473121305 \
      FL C:/Users/utp/Desktop/arquitectura/Ejemplo1/Arquitectura.vhd \
      EN work/Arquitectura 1473121304
