--------------------------------------------------------------------------------
Release 14.7 Trace  (nt64)
Copyright (c) 1995-2013 Xilinx, Inc.  All rights reserved.

C:\Xilinx\14.7\ISE_DS\ISE\bin\nt64\unwrapped\trce.exe -intstyle ise -v 3 -s 5
-n 3 -fastpaths -xml sumadOR.twx sumadOR.ncd -o sumadOR.twr sumadOR.pcf

Design file:              sumadOR.ncd
Physical constraint file: sumadOR.pcf
Device,package,speed:     xc3s500e,fg320,-5 (PRODUCTION 1.27 2013-10-13)
Report level:             verbose report

Environment Variable      Effect 
--------------------      ------ 
NONE                      No environment variables were set
--------------------------------------------------------------------------------

INFO:Timing:2698 - No timing constraints found, doing default enumeration.
INFO:Timing:3412 - To improve timing, see the Timing Closure User Guide (UG612).
INFO:Timing:2752 - To get complete path coverage, use the unconstrained paths 
   option. All paths that are not constrained will be reported in the 
   unconstrained paths section(s) of the report.
INFO:Timing:3339 - The clock-to-out numbers in this timing report are based on 
   a 50 Ohm transmission line loading model.  For the details of this model, 
   and for more information on accounting for different loading conditions, 
   please see the device datasheet.
INFO:Timing:3390 - This architecture does not support a default System Jitter 
   value, please add SYSTEM_JITTER constraint to the UCF to modify the Clock 
   Uncertainty calculation.
INFO:Timing:3389 - This architecture does not support 'Discrete Jitter' and 
   'Phase Error' calculations, these terms will be zero in the Clock 
   Uncertainty calculation.  Please make appropriate modification to 
   SYSTEM_JITTER to account for the unsupported Discrete Jitter and Phase 
   Error.



Data Sheet report:
-----------------
All values displayed in nanoseconds (ns)

Pad to Pad
---------------+---------------+---------+
Source Pad     |Destination Pad|  Delay  |
---------------+---------------+---------+
suma1<0>       |salida<0>      |    8.893|
suma1<0>       |salida<1>      |    9.061|
suma1<0>       |salida<2>      |    9.731|
suma1<0>       |salida<3>      |    9.629|
suma1<0>       |salida<4>      |    9.377|
suma1<0>       |salida<5>      |    9.928|
suma1<0>       |salida<6>      |    9.677|
suma1<0>       |salida<7>      |    9.996|
suma1<0>       |salida<8>      |    9.830|
suma1<0>       |salida<9>      |   10.171|
suma1<0>       |salida<10>     |    9.942|
suma1<0>       |salida<11>     |    9.739|
suma1<0>       |salida<12>     |    9.973|
suma1<0>       |salida<13>     |   10.249|
suma1<0>       |salida<14>     |   10.001|
suma1<0>       |salida<15>     |    9.870|
suma1<0>       |salida<16>     |   10.645|
suma1<0>       |salida<17>     |   10.723|
suma1<0>       |salida<18>     |   10.098|
suma1<0>       |salida<19>     |    9.843|
suma1<0>       |salida<20>     |   10.617|
suma1<0>       |salida<21>     |   10.363|
suma1<0>       |salida<22>     |    9.704|
suma1<0>       |salida<23>     |   10.168|
suma1<0>       |salida<24>     |    9.692|
suma1<0>       |salida<25>     |   10.046|
suma1<0>       |salida<26>     |    9.952|
suma1<0>       |salida<27>     |   10.744|
suma1<0>       |salida<28>     |    9.411|
suma1<0>       |salida<29>     |    9.489|
suma1<0>       |salida<30>     |    9.487|
suma1<0>       |salida<31>     |    9.868|
suma1<1>       |salida<1>      |    8.939|
suma1<1>       |salida<2>      |    9.826|
suma1<1>       |salida<3>      |    9.724|
suma1<1>       |salida<4>      |    9.472|
suma1<1>       |salida<5>      |   10.023|
suma1<1>       |salida<6>      |    9.772|
suma1<1>       |salida<7>      |   10.091|
suma1<1>       |salida<8>      |    9.925|
suma1<1>       |salida<9>      |   10.266|
suma1<1>       |salida<10>     |   10.037|
suma1<1>       |salida<11>     |    9.834|
suma1<1>       |salida<12>     |   10.068|
suma1<1>       |salida<13>     |   10.344|
suma1<1>       |salida<14>     |   10.096|
suma1<1>       |salida<15>     |    9.965|
suma1<1>       |salida<16>     |   10.740|
suma1<1>       |salida<17>     |   10.818|
suma1<1>       |salida<18>     |   10.193|
suma1<1>       |salida<19>     |    9.938|
suma1<1>       |salida<20>     |   10.712|
suma1<1>       |salida<21>     |   10.458|
suma1<1>       |salida<22>     |    9.799|
suma1<1>       |salida<23>     |   10.263|
suma1<1>       |salida<24>     |    9.787|
suma1<1>       |salida<25>     |   10.141|
suma1<1>       |salida<26>     |   10.047|
suma1<1>       |salida<27>     |   10.839|
suma1<1>       |salida<28>     |    9.506|
suma1<1>       |salida<29>     |    9.584|
suma1<1>       |salida<30>     |    9.582|
suma1<1>       |salida<31>     |    9.963|
suma1<2>       |salida<2>      |    9.132|
suma1<2>       |salida<3>      |    9.181|
suma1<2>       |salida<4>      |    9.166|
suma1<2>       |salida<5>      |    9.717|
suma1<2>       |salida<6>      |    9.466|
suma1<2>       |salida<7>      |    9.785|
suma1<2>       |salida<8>      |    9.619|
suma1<2>       |salida<9>      |    9.960|
suma1<2>       |salida<10>     |    9.731|
suma1<2>       |salida<11>     |    9.528|
suma1<2>       |salida<12>     |    9.762|
suma1<2>       |salida<13>     |   10.038|
suma1<2>       |salida<14>     |    9.790|
suma1<2>       |salida<15>     |    9.659|
suma1<2>       |salida<16>     |   10.434|
suma1<2>       |salida<17>     |   10.512|
suma1<2>       |salida<18>     |    9.887|
suma1<2>       |salida<19>     |    9.632|
suma1<2>       |salida<20>     |   10.406|
suma1<2>       |salida<21>     |   10.152|
suma1<2>       |salida<22>     |    9.493|
suma1<2>       |salida<23>     |    9.957|
suma1<2>       |salida<24>     |    9.481|
suma1<2>       |salida<25>     |    9.835|
suma1<2>       |salida<26>     |    9.741|
suma1<2>       |salida<27>     |   10.533|
suma1<2>       |salida<28>     |    9.200|
suma1<2>       |salida<29>     |    9.278|
suma1<2>       |salida<30>     |    9.276|
suma1<2>       |salida<31>     |    9.657|
suma1<3>       |salida<3>      |    8.945|
suma1<3>       |salida<4>      |    9.147|
suma1<3>       |salida<5>      |    9.698|
suma1<3>       |salida<6>      |    9.447|
suma1<3>       |salida<7>      |    9.766|
suma1<3>       |salida<8>      |    9.600|
suma1<3>       |salida<9>      |    9.941|
suma1<3>       |salida<10>     |    9.712|
suma1<3>       |salida<11>     |    9.509|
suma1<3>       |salida<12>     |    9.743|
suma1<3>       |salida<13>     |   10.019|
suma1<3>       |salida<14>     |    9.771|
suma1<3>       |salida<15>     |    9.640|
suma1<3>       |salida<16>     |   10.415|
suma1<3>       |salida<17>     |   10.493|
suma1<3>       |salida<18>     |    9.868|
suma1<3>       |salida<19>     |    9.613|
suma1<3>       |salida<20>     |   10.387|
suma1<3>       |salida<21>     |   10.133|
suma1<3>       |salida<22>     |    9.474|
suma1<3>       |salida<23>     |    9.938|
suma1<3>       |salida<24>     |    9.462|
suma1<3>       |salida<25>     |    9.816|
suma1<3>       |salida<26>     |    9.722|
suma1<3>       |salida<27>     |   10.514|
suma1<3>       |salida<28>     |    9.181|
suma1<3>       |salida<29>     |    9.259|
suma1<3>       |salida<30>     |    9.257|
suma1<3>       |salida<31>     |    9.638|
suma1<4>       |salida<4>      |    9.158|
suma1<4>       |salida<5>      |    9.860|
suma1<4>       |salida<6>      |    9.846|
suma1<4>       |salida<7>      |   10.165|
suma1<4>       |salida<8>      |    9.999|
suma1<4>       |salida<9>      |   10.340|
suma1<4>       |salida<10>     |   10.111|
suma1<4>       |salida<11>     |    9.908|
suma1<4>       |salida<12>     |   10.142|
suma1<4>       |salida<13>     |   10.418|
suma1<4>       |salida<14>     |   10.170|
suma1<4>       |salida<15>     |   10.039|
suma1<4>       |salida<16>     |   10.814|
suma1<4>       |salida<17>     |   10.892|
suma1<4>       |salida<18>     |   10.267|
suma1<4>       |salida<19>     |   10.012|
suma1<4>       |salida<20>     |   10.786|
suma1<4>       |salida<21>     |   10.532|
suma1<4>       |salida<22>     |    9.873|
suma1<4>       |salida<23>     |   10.337|
suma1<4>       |salida<24>     |    9.861|
suma1<4>       |salida<25>     |   10.215|
suma1<4>       |salida<26>     |   10.121|
suma1<4>       |salida<27>     |   10.913|
suma1<4>       |salida<28>     |    9.580|
suma1<4>       |salida<29>     |    9.658|
suma1<4>       |salida<30>     |    9.656|
suma1<4>       |salida<31>     |   10.037|
suma1<5>       |salida<5>      |    8.836|
suma1<5>       |salida<6>      |    9.039|
suma1<5>       |salida<7>      |    9.358|
suma1<5>       |salida<8>      |    9.192|
suma1<5>       |salida<9>      |    9.533|
suma1<5>       |salida<10>     |    9.304|
suma1<5>       |salida<11>     |    9.101|
suma1<5>       |salida<12>     |    9.335|
suma1<5>       |salida<13>     |    9.611|
suma1<5>       |salida<14>     |    9.363|
suma1<5>       |salida<15>     |    9.232|
suma1<5>       |salida<16>     |   10.007|
suma1<5>       |salida<17>     |   10.085|
suma1<5>       |salida<18>     |    9.460|
suma1<5>       |salida<19>     |    9.205|
suma1<5>       |salida<20>     |    9.979|
suma1<5>       |salida<21>     |    9.725|
suma1<5>       |salida<22>     |    9.066|
suma1<5>       |salida<23>     |    9.530|
suma1<5>       |salida<24>     |    9.054|
suma1<5>       |salida<25>     |    9.408|
suma1<5>       |salida<26>     |    9.314|
suma1<5>       |salida<27>     |   10.106|
suma1<5>       |salida<28>     |    8.773|
suma1<5>       |salida<29>     |    8.851|
suma1<5>       |salida<30>     |    8.849|
suma1<5>       |salida<31>     |    9.230|
suma1<6>       |salida<6>      |    8.375|
suma1<6>       |salida<7>      |    8.845|
suma1<6>       |salida<8>      |    8.916|
suma1<6>       |salida<9>      |    9.257|
suma1<6>       |salida<10>     |    9.028|
suma1<6>       |salida<11>     |    8.825|
suma1<6>       |salida<12>     |    9.059|
suma1<6>       |salida<13>     |    9.335|
suma1<6>       |salida<14>     |    9.087|
suma1<6>       |salida<15>     |    8.956|
suma1<6>       |salida<16>     |    9.731|
suma1<6>       |salida<17>     |    9.809|
suma1<6>       |salida<18>     |    9.184|
suma1<6>       |salida<19>     |    8.929|
suma1<6>       |salida<20>     |    9.703|
suma1<6>       |salida<21>     |    9.449|
suma1<6>       |salida<22>     |    8.790|
suma1<6>       |salida<23>     |    9.254|
suma1<6>       |salida<24>     |    8.778|
suma1<6>       |salida<25>     |    9.132|
suma1<6>       |salida<26>     |    9.038|
suma1<6>       |salida<27>     |    9.830|
suma1<6>       |salida<28>     |    8.497|
suma1<6>       |salida<29>     |    8.575|
suma1<6>       |salida<30>     |    8.573|
suma1<6>       |salida<31>     |    8.954|
suma1<7>       |salida<7>      |    8.434|
suma1<7>       |salida<8>      |    8.722|
suma1<7>       |salida<9>      |    9.063|
suma1<7>       |salida<10>     |    8.834|
suma1<7>       |salida<11>     |    8.631|
suma1<7>       |salida<12>     |    8.865|
suma1<7>       |salida<13>     |    9.141|
suma1<7>       |salida<14>     |    8.893|
suma1<7>       |salida<15>     |    8.762|
suma1<7>       |salida<16>     |    9.537|
suma1<7>       |salida<17>     |    9.615|
suma1<7>       |salida<18>     |    8.990|
suma1<7>       |salida<19>     |    8.735|
suma1<7>       |salida<20>     |    9.509|
suma1<7>       |salida<21>     |    9.255|
suma1<7>       |salida<22>     |    8.596|
suma1<7>       |salida<23>     |    9.060|
suma1<7>       |salida<24>     |    8.584|
suma1<7>       |salida<25>     |    8.938|
suma1<7>       |salida<26>     |    8.844|
suma1<7>       |salida<27>     |    9.636|
suma1<7>       |salida<28>     |    8.303|
suma1<7>       |salida<29>     |    8.381|
suma1<7>       |salida<30>     |    8.379|
suma1<7>       |salida<31>     |    8.760|
suma1<8>       |salida<8>      |    8.082|
suma1<8>       |salida<9>      |    8.574|
suma1<8>       |salida<10>     |    8.582|
suma1<8>       |salida<11>     |    8.379|
suma1<8>       |salida<12>     |    8.613|
suma1<8>       |salida<13>     |    8.889|
suma1<8>       |salida<14>     |    8.641|
suma1<8>       |salida<15>     |    8.510|
suma1<8>       |salida<16>     |    9.285|
suma1<8>       |salida<17>     |    9.363|
suma1<8>       |salida<18>     |    8.738|
suma1<8>       |salida<19>     |    8.483|
suma1<8>       |salida<20>     |    9.257|
suma1<8>       |salida<21>     |    9.003|
suma1<8>       |salida<22>     |    8.344|
suma1<8>       |salida<23>     |    8.808|
suma1<8>       |salida<24>     |    8.332|
suma1<8>       |salida<25>     |    8.686|
suma1<8>       |salida<26>     |    8.592|
suma1<8>       |salida<27>     |    9.384|
suma1<8>       |salida<28>     |    8.051|
suma1<8>       |salida<29>     |    8.129|
suma1<8>       |salida<30>     |    8.127|
suma1<8>       |salida<31>     |    8.508|
suma1<9>       |salida<9>      |    8.655|
suma1<9>       |salida<10>     |    8.880|
suma1<9>       |salida<11>     |    8.677|
suma1<9>       |salida<12>     |    8.911|
suma1<9>       |salida<13>     |    9.187|
suma1<9>       |salida<14>     |    8.939|
suma1<9>       |salida<15>     |    8.808|
suma1<9>       |salida<16>     |    9.583|
suma1<9>       |salida<17>     |    9.661|
suma1<9>       |salida<18>     |    9.036|
suma1<9>       |salida<19>     |    8.781|
suma1<9>       |salida<20>     |    9.555|
suma1<9>       |salida<21>     |    9.301|
suma1<9>       |salida<22>     |    8.642|
suma1<9>       |salida<23>     |    9.106|
suma1<9>       |salida<24>     |    8.630|
suma1<9>       |salida<25>     |    8.984|
suma1<9>       |salida<26>     |    8.890|
suma1<9>       |salida<27>     |    9.682|
suma1<9>       |salida<28>     |    8.349|
suma1<9>       |salida<29>     |    8.427|
suma1<9>       |salida<30>     |    8.425|
suma1<9>       |salida<31>     |    8.806|
suma1<10>      |salida<10>     |    8.088|
suma1<10>      |salida<11>     |    8.036|
suma1<10>      |salida<12>     |    8.507|
suma1<10>      |salida<13>     |    8.783|
suma1<10>      |salida<14>     |    8.535|
suma1<10>      |salida<15>     |    8.404|
suma1<10>      |salida<16>     |    9.179|
suma1<10>      |salida<17>     |    9.257|
suma1<10>      |salida<18>     |    8.632|
suma1<10>      |salida<19>     |    8.377|
suma1<10>      |salida<20>     |    9.151|
suma1<10>      |salida<21>     |    8.897|
suma1<10>      |salida<22>     |    8.238|
suma1<10>      |salida<23>     |    8.702|
suma1<10>      |salida<24>     |    8.226|
suma1<10>      |salida<25>     |    8.580|
suma1<10>      |salida<26>     |    8.486|
suma1<10>      |salida<27>     |    9.278|
suma1<10>      |salida<28>     |    7.945|
suma1<10>      |salida<29>     |    8.023|
suma1<10>      |salida<30>     |    8.021|
suma1<10>      |salida<31>     |    8.402|
suma1<11>      |salida<11>     |    7.924|
suma1<11>      |salida<12>     |    8.612|
suma1<11>      |salida<13>     |    8.888|
suma1<11>      |salida<14>     |    8.640|
suma1<11>      |salida<15>     |    8.509|
suma1<11>      |salida<16>     |    9.284|
suma1<11>      |salida<17>     |    9.362|
suma1<11>      |salida<18>     |    8.737|
suma1<11>      |salida<19>     |    8.482|
suma1<11>      |salida<20>     |    9.256|
suma1<11>      |salida<21>     |    9.002|
suma1<11>      |salida<22>     |    8.343|
suma1<11>      |salida<23>     |    8.807|
suma1<11>      |salida<24>     |    8.331|
suma1<11>      |salida<25>     |    8.685|
suma1<11>      |salida<26>     |    8.591|
suma1<11>      |salida<27>     |    9.383|
suma1<11>      |salida<28>     |    8.050|
suma1<11>      |salida<29>     |    8.128|
suma1<11>      |salida<30>     |    8.126|
suma1<11>      |salida<31>     |    8.507|
suma1<12>      |salida<12>     |    7.529|
suma1<12>      |salida<13>     |    7.956|
suma1<12>      |salida<14>     |    7.945|
suma1<12>      |salida<15>     |    7.814|
suma1<12>      |salida<16>     |    8.589|
suma1<12>      |salida<17>     |    8.667|
suma1<12>      |salida<18>     |    8.042|
suma1<12>      |salida<19>     |    7.787|
suma1<12>      |salida<20>     |    8.561|
suma1<12>      |salida<21>     |    8.307|
suma1<12>      |salida<22>     |    7.648|
suma1<12>      |salida<23>     |    8.112|
suma1<12>      |salida<24>     |    7.636|
suma1<12>      |salida<25>     |    7.990|
suma1<12>      |salida<26>     |    7.896|
suma1<12>      |salida<27>     |    8.688|
suma1<12>      |salida<28>     |    7.355|
suma1<12>      |salida<29>     |    7.433|
suma1<12>      |salida<30>     |    7.431|
suma1<12>      |salida<31>     |    7.812|
suma1<13>      |salida<13>     |    7.528|
suma1<13>      |salida<14>     |    7.734|
suma1<13>      |salida<15>     |    7.603|
suma1<13>      |salida<16>     |    8.378|
suma1<13>      |salida<17>     |    8.456|
suma1<13>      |salida<18>     |    7.831|
suma1<13>      |salida<19>     |    7.576|
suma1<13>      |salida<20>     |    8.350|
suma1<13>      |salida<21>     |    8.096|
suma1<13>      |salida<22>     |    7.437|
suma1<13>      |salida<23>     |    7.901|
suma1<13>      |salida<24>     |    7.425|
suma1<13>      |salida<25>     |    7.779|
suma1<13>      |salida<26>     |    7.685|
suma1<13>      |salida<27>     |    8.477|
suma1<13>      |salida<28>     |    7.144|
suma1<13>      |salida<29>     |    7.222|
suma1<13>      |salida<30>     |    7.220|
suma1<13>      |salida<31>     |    7.601|
suma1<14>      |salida<14>     |    7.724|
suma1<14>      |salida<15>     |    7.744|
suma1<14>      |salida<16>     |    8.756|
suma1<14>      |salida<17>     |    8.834|
suma1<14>      |salida<18>     |    8.209|
suma1<14>      |salida<19>     |    7.954|
suma1<14>      |salida<20>     |    8.728|
suma1<14>      |salida<21>     |    8.474|
suma1<14>      |salida<22>     |    7.815|
suma1<14>      |salida<23>     |    8.279|
suma1<14>      |salida<24>     |    7.803|
suma1<14>      |salida<25>     |    8.157|
suma1<14>      |salida<26>     |    8.063|
suma1<14>      |salida<27>     |    8.855|
suma1<14>      |salida<28>     |    7.522|
suma1<14>      |salida<29>     |    7.600|
suma1<14>      |salida<30>     |    7.598|
suma1<14>      |salida<31>     |    7.979|
suma1<15>      |salida<15>     |    7.455|
suma1<15>      |salida<16>     |    8.684|
suma1<15>      |salida<17>     |    8.762|
suma1<15>      |salida<18>     |    8.137|
suma1<15>      |salida<19>     |    7.882|
suma1<15>      |salida<20>     |    8.656|
suma1<15>      |salida<21>     |    8.402|
suma1<15>      |salida<22>     |    7.743|
suma1<15>      |salida<23>     |    8.207|
suma1<15>      |salida<24>     |    7.731|
suma1<15>      |salida<25>     |    8.085|
suma1<15>      |salida<26>     |    7.991|
suma1<15>      |salida<27>     |    8.783|
suma1<15>      |salida<28>     |    7.450|
suma1<15>      |salida<29>     |    7.528|
suma1<15>      |salida<30>     |    7.526|
suma1<15>      |salida<31>     |    7.907|
suma1<16>      |salida<16>     |    8.524|
suma1<16>      |salida<17>     |    8.753|
suma1<16>      |salida<18>     |    8.365|
suma1<16>      |salida<19>     |    8.110|
suma1<16>      |salida<20>     |    8.884|
suma1<16>      |salida<21>     |    8.630|
suma1<16>      |salida<22>     |    7.971|
suma1<16>      |salida<23>     |    8.435|
suma1<16>      |salida<24>     |    7.959|
suma1<16>      |salida<25>     |    8.313|
suma1<16>      |salida<26>     |    8.219|
suma1<16>      |salida<27>     |    9.011|
suma1<16>      |salida<28>     |    7.678|
suma1<16>      |salida<29>     |    7.756|
suma1<16>      |salida<30>     |    7.754|
suma1<16>      |salida<31>     |    8.135|
suma1<17>      |salida<17>     |    8.582|
suma1<17>      |salida<18>     |    8.411|
suma1<17>      |salida<19>     |    8.156|
suma1<17>      |salida<20>     |    8.930|
suma1<17>      |salida<21>     |    8.676|
suma1<17>      |salida<22>     |    8.017|
suma1<17>      |salida<23>     |    8.481|
suma1<17>      |salida<24>     |    8.005|
suma1<17>      |salida<25>     |    8.359|
suma1<17>      |salida<26>     |    8.265|
suma1<17>      |salida<27>     |    9.057|
suma1<17>      |salida<28>     |    7.724|
suma1<17>      |salida<29>     |    7.802|
suma1<17>      |salida<30>     |    7.800|
suma1<17>      |salida<31>     |    8.181|
suma1<18>      |salida<18>     |    8.034|
suma1<18>      |salida<19>     |    7.930|
suma1<18>      |salida<20>     |    8.941|
suma1<18>      |salida<21>     |    8.687|
suma1<18>      |salida<22>     |    8.028|
suma1<18>      |salida<23>     |    8.492|
suma1<18>      |salida<24>     |    8.016|
suma1<18>      |salida<25>     |    8.370|
suma1<18>      |salida<26>     |    8.276|
suma1<18>      |salida<27>     |    9.068|
suma1<18>      |salida<28>     |    7.735|
suma1<18>      |salida<29>     |    7.813|
suma1<18>      |salida<30>     |    7.811|
suma1<18>      |salida<31>     |    8.192|
suma1<19>      |salida<19>     |    7.646|
suma1<19>      |salida<20>     |    8.874|
suma1<19>      |salida<21>     |    8.620|
suma1<19>      |salida<22>     |    7.961|
suma1<19>      |salida<23>     |    8.425|
suma1<19>      |salida<24>     |    7.949|
suma1<19>      |salida<25>     |    8.303|
suma1<19>      |salida<26>     |    8.209|
suma1<19>      |salida<27>     |    9.001|
suma1<19>      |salida<28>     |    7.668|
suma1<19>      |salida<29>     |    7.746|
suma1<19>      |salida<30>     |    7.744|
suma1<19>      |salida<31>     |    8.125|
suma1<20>      |salida<20>     |    8.237|
suma1<20>      |salida<21>     |    8.134|
suma1<20>      |salida<22>     |    7.712|
suma1<20>      |salida<23>     |    8.176|
suma1<20>      |salida<24>     |    7.700|
suma1<20>      |salida<25>     |    8.054|
suma1<20>      |salida<26>     |    7.960|
suma1<20>      |salida<27>     |    8.752|
suma1<20>      |salida<28>     |    7.419|
suma1<20>      |salida<29>     |    7.497|
suma1<20>      |salida<30>     |    7.495|
suma1<20>      |salida<31>     |    7.876|
suma1<21>      |salida<21>     |    7.773|
suma1<21>      |salida<22>     |    7.568|
suma1<21>      |salida<23>     |    8.032|
suma1<21>      |salida<24>     |    7.556|
suma1<21>      |salida<25>     |    7.910|
suma1<21>      |salida<26>     |    7.816|
suma1<21>      |salida<27>     |    8.608|
suma1<21>      |salida<28>     |    7.275|
suma1<21>      |salida<29>     |    7.353|
suma1<21>      |salida<30>     |    7.351|
suma1<21>      |salida<31>     |    7.732|
suma1<22>      |salida<22>     |    7.610|
suma1<22>      |salida<23>     |    8.225|
suma1<22>      |salida<24>     |    7.986|
suma1<22>      |salida<25>     |    8.340|
suma1<22>      |salida<26>     |    8.246|
suma1<22>      |salida<27>     |    9.038|
suma1<22>      |salida<28>     |    7.705|
suma1<22>      |salida<29>     |    7.783|
suma1<22>      |salida<30>     |    7.781|
suma1<22>      |salida<31>     |    8.162|
suma1<23>      |salida<23>     |    7.780|
suma1<23>      |salida<24>     |    7.758|
suma1<23>      |salida<25>     |    8.112|
suma1<23>      |salida<26>     |    8.018|
suma1<23>      |salida<27>     |    8.810|
suma1<23>      |salida<28>     |    7.477|
suma1<23>      |salida<29>     |    7.555|
suma1<23>      |salida<30>     |    7.553|
suma1<23>      |salida<31>     |    7.934|
suma1<24>      |salida<24>     |    7.163|
suma1<24>      |salida<25>     |    7.668|
suma1<24>      |salida<26>     |    7.811|
suma1<24>      |salida<27>     |    8.603|
suma1<24>      |salida<28>     |    7.270|
suma1<24>      |salida<29>     |    7.348|
suma1<24>      |salida<30>     |    7.346|
suma1<24>      |salida<31>     |    7.727|
suma1<25>      |salida<25>     |    7.238|
suma1<25>      |salida<26>     |    7.598|
suma1<25>      |salida<27>     |    8.390|
suma1<25>      |salida<28>     |    7.057|
suma1<25>      |salida<29>     |    7.135|
suma1<25>      |salida<30>     |    7.133|
suma1<25>      |salida<31>     |    7.514|
suma1<26>      |salida<26>     |    7.389|
suma1<26>      |salida<27>     |    8.332|
suma1<26>      |salida<28>     |    7.236|
suma1<26>      |salida<29>     |    7.314|
suma1<26>      |salida<30>     |    7.312|
suma1<26>      |salida<31>     |    7.693|
suma1<27>      |salida<27>     |    7.968|
suma1<27>      |salida<28>     |    7.089|
suma1<27>      |salida<29>     |    7.167|
suma1<27>      |salida<30>     |    7.165|
suma1<27>      |salida<31>     |    7.546|
suma1<28>      |salida<28>     |    6.868|
suma1<28>      |salida<29>     |    7.097|
suma1<28>      |salida<30>     |    7.332|
suma1<28>      |salida<31>     |    7.713|
suma1<29>      |salida<29>     |    6.105|
suma1<29>      |salida<30>     |    6.557|
suma1<29>      |salida<31>     |    6.938|
suma1<30>      |salida<30>     |    6.841|
suma1<30>      |salida<31>     |    7.373|
suma1<31>      |salida<31>     |    6.242|
suma2<0>       |salida<0>      |    8.056|
suma2<0>       |salida<1>      |    8.224|
suma2<0>       |salida<2>      |    8.894|
suma2<0>       |salida<3>      |    8.792|
suma2<0>       |salida<4>      |    8.540|
suma2<0>       |salida<5>      |    9.091|
suma2<0>       |salida<6>      |    8.840|
suma2<0>       |salida<7>      |    9.159|
suma2<0>       |salida<8>      |    8.993|
suma2<0>       |salida<9>      |    9.334|
suma2<0>       |salida<10>     |    9.105|
suma2<0>       |salida<11>     |    8.902|
suma2<0>       |salida<12>     |    9.136|
suma2<0>       |salida<13>     |    9.412|
suma2<0>       |salida<14>     |    9.164|
suma2<0>       |salida<15>     |    9.033|
suma2<0>       |salida<16>     |    9.808|
suma2<0>       |salida<17>     |    9.886|
suma2<0>       |salida<18>     |    9.261|
suma2<0>       |salida<19>     |    9.006|
suma2<0>       |salida<20>     |    9.780|
suma2<0>       |salida<21>     |    9.526|
suma2<0>       |salida<22>     |    8.867|
suma2<0>       |salida<23>     |    9.331|
suma2<0>       |salida<24>     |    8.855|
suma2<0>       |salida<25>     |    9.209|
suma2<0>       |salida<26>     |    9.115|
suma2<0>       |salida<27>     |    9.907|
suma2<0>       |salida<28>     |    8.574|
suma2<0>       |salida<29>     |    8.652|
suma2<0>       |salida<30>     |    8.650|
suma2<0>       |salida<31>     |    9.031|
suma2<1>       |salida<1>      |    7.551|
suma2<1>       |salida<2>      |    8.438|
suma2<1>       |salida<3>      |    8.336|
suma2<1>       |salida<4>      |    8.084|
suma2<1>       |salida<5>      |    8.635|
suma2<1>       |salida<6>      |    8.384|
suma2<1>       |salida<7>      |    8.703|
suma2<1>       |salida<8>      |    8.537|
suma2<1>       |salida<9>      |    8.878|
suma2<1>       |salida<10>     |    8.649|
suma2<1>       |salida<11>     |    8.446|
suma2<1>       |salida<12>     |    8.680|
suma2<1>       |salida<13>     |    8.956|
suma2<1>       |salida<14>     |    8.708|
suma2<1>       |salida<15>     |    8.577|
suma2<1>       |salida<16>     |    9.352|
suma2<1>       |salida<17>     |    9.430|
suma2<1>       |salida<18>     |    8.805|
suma2<1>       |salida<19>     |    8.550|
suma2<1>       |salida<20>     |    9.324|
suma2<1>       |salida<21>     |    9.070|
suma2<1>       |salida<22>     |    8.411|
suma2<1>       |salida<23>     |    8.875|
suma2<1>       |salida<24>     |    8.399|
suma2<1>       |salida<25>     |    8.753|
suma2<1>       |salida<26>     |    8.659|
suma2<1>       |salida<27>     |    9.451|
suma2<1>       |salida<28>     |    8.118|
suma2<1>       |salida<29>     |    8.196|
suma2<1>       |salida<30>     |    8.194|
suma2<1>       |salida<31>     |    8.575|
suma2<2>       |salida<2>      |    8.017|
suma2<2>       |salida<3>      |    8.066|
suma2<2>       |salida<4>      |    8.051|
suma2<2>       |salida<5>      |    8.602|
suma2<2>       |salida<6>      |    8.351|
suma2<2>       |salida<7>      |    8.670|
suma2<2>       |salida<8>      |    8.504|
suma2<2>       |salida<9>      |    8.845|
suma2<2>       |salida<10>     |    8.616|
suma2<2>       |salida<11>     |    8.413|
suma2<2>       |salida<12>     |    8.647|
suma2<2>       |salida<13>     |    8.923|
suma2<2>       |salida<14>     |    8.675|
suma2<2>       |salida<15>     |    8.544|
suma2<2>       |salida<16>     |    9.319|
suma2<2>       |salida<17>     |    9.397|
suma2<2>       |salida<18>     |    8.772|
suma2<2>       |salida<19>     |    8.517|
suma2<2>       |salida<20>     |    9.291|
suma2<2>       |salida<21>     |    9.037|
suma2<2>       |salida<22>     |    8.378|
suma2<2>       |salida<23>     |    8.842|
suma2<2>       |salida<24>     |    8.366|
suma2<2>       |salida<25>     |    8.720|
suma2<2>       |salida<26>     |    8.626|
suma2<2>       |salida<27>     |    9.418|
suma2<2>       |salida<28>     |    8.085|
suma2<2>       |salida<29>     |    8.163|
suma2<2>       |salida<30>     |    8.161|
suma2<2>       |salida<31>     |    8.542|
suma2<3>       |salida<3>      |    7.755|
suma2<3>       |salida<4>      |    7.957|
suma2<3>       |salida<5>      |    8.508|
suma2<3>       |salida<6>      |    8.257|
suma2<3>       |salida<7>      |    8.576|
suma2<3>       |salida<8>      |    8.410|
suma2<3>       |salida<9>      |    8.751|
suma2<3>       |salida<10>     |    8.522|
suma2<3>       |salida<11>     |    8.319|
suma2<3>       |salida<12>     |    8.553|
suma2<3>       |salida<13>     |    8.829|
suma2<3>       |salida<14>     |    8.581|
suma2<3>       |salida<15>     |    8.450|
suma2<3>       |salida<16>     |    9.225|
suma2<3>       |salida<17>     |    9.303|
suma2<3>       |salida<18>     |    8.678|
suma2<3>       |salida<19>     |    8.423|
suma2<3>       |salida<20>     |    9.197|
suma2<3>       |salida<21>     |    8.943|
suma2<3>       |salida<22>     |    8.284|
suma2<3>       |salida<23>     |    8.748|
suma2<3>       |salida<24>     |    8.272|
suma2<3>       |salida<25>     |    8.626|
suma2<3>       |salida<26>     |    8.532|
suma2<3>       |salida<27>     |    9.324|
suma2<3>       |salida<28>     |    7.991|
suma2<3>       |salida<29>     |    8.069|
suma2<3>       |salida<30>     |    8.067|
suma2<3>       |salida<31>     |    8.448|
suma2<4>       |salida<4>      |    7.414|
suma2<4>       |salida<5>      |    8.116|
suma2<4>       |salida<6>      |    8.102|
suma2<4>       |salida<7>      |    8.421|
suma2<4>       |salida<8>      |    8.255|
suma2<4>       |salida<9>      |    8.596|
suma2<4>       |salida<10>     |    8.367|
suma2<4>       |salida<11>     |    8.164|
suma2<4>       |salida<12>     |    8.398|
suma2<4>       |salida<13>     |    8.674|
suma2<4>       |salida<14>     |    8.426|
suma2<4>       |salida<15>     |    8.295|
suma2<4>       |salida<16>     |    9.070|
suma2<4>       |salida<17>     |    9.148|
suma2<4>       |salida<18>     |    8.523|
suma2<4>       |salida<19>     |    8.268|
suma2<4>       |salida<20>     |    9.042|
suma2<4>       |salida<21>     |    8.788|
suma2<4>       |salida<22>     |    8.129|
suma2<4>       |salida<23>     |    8.593|
suma2<4>       |salida<24>     |    8.117|
suma2<4>       |salida<25>     |    8.471|
suma2<4>       |salida<26>     |    8.377|
suma2<4>       |salida<27>     |    9.169|
suma2<4>       |salida<28>     |    7.836|
suma2<4>       |salida<29>     |    7.914|
suma2<4>       |salida<30>     |    7.912|
suma2<4>       |salida<31>     |    8.293|
suma2<5>       |salida<5>      |    7.951|
suma2<5>       |salida<6>      |    8.154|
suma2<5>       |salida<7>      |    8.473|
suma2<5>       |salida<8>      |    8.307|
suma2<5>       |salida<9>      |    8.648|
suma2<5>       |salida<10>     |    8.419|
suma2<5>       |salida<11>     |    8.216|
suma2<5>       |salida<12>     |    8.450|
suma2<5>       |salida<13>     |    8.726|
suma2<5>       |salida<14>     |    8.478|
suma2<5>       |salida<15>     |    8.347|
suma2<5>       |salida<16>     |    9.122|
suma2<5>       |salida<17>     |    9.200|
suma2<5>       |salida<18>     |    8.575|
suma2<5>       |salida<19>     |    8.320|
suma2<5>       |salida<20>     |    9.094|
suma2<5>       |salida<21>     |    8.840|
suma2<5>       |salida<22>     |    8.181|
suma2<5>       |salida<23>     |    8.645|
suma2<5>       |salida<24>     |    8.169|
suma2<5>       |salida<25>     |    8.523|
suma2<5>       |salida<26>     |    8.429|
suma2<5>       |salida<27>     |    9.221|
suma2<5>       |salida<28>     |    7.888|
suma2<5>       |salida<29>     |    7.966|
suma2<5>       |salida<30>     |    7.964|
suma2<5>       |salida<31>     |    8.345|
suma2<6>       |salida<6>      |    7.543|
suma2<6>       |salida<7>      |    8.013|
suma2<6>       |salida<8>      |    8.084|
suma2<6>       |salida<9>      |    8.425|
suma2<6>       |salida<10>     |    8.196|
suma2<6>       |salida<11>     |    7.993|
suma2<6>       |salida<12>     |    8.227|
suma2<6>       |salida<13>     |    8.503|
suma2<6>       |salida<14>     |    8.255|
suma2<6>       |salida<15>     |    8.124|
suma2<6>       |salida<16>     |    8.899|
suma2<6>       |salida<17>     |    8.977|
suma2<6>       |salida<18>     |    8.352|
suma2<6>       |salida<19>     |    8.097|
suma2<6>       |salida<20>     |    8.871|
suma2<6>       |salida<21>     |    8.617|
suma2<6>       |salida<22>     |    7.958|
suma2<6>       |salida<23>     |    8.422|
suma2<6>       |salida<24>     |    7.946|
suma2<6>       |salida<25>     |    8.300|
suma2<6>       |salida<26>     |    8.206|
suma2<6>       |salida<27>     |    8.998|
suma2<6>       |salida<28>     |    7.665|
suma2<6>       |salida<29>     |    7.743|
suma2<6>       |salida<30>     |    7.741|
suma2<6>       |salida<31>     |    8.122|
suma2<7>       |salida<7>      |    7.918|
suma2<7>       |salida<8>      |    8.206|
suma2<7>       |salida<9>      |    8.547|
suma2<7>       |salida<10>     |    8.318|
suma2<7>       |salida<11>     |    8.115|
suma2<7>       |salida<12>     |    8.349|
suma2<7>       |salida<13>     |    8.625|
suma2<7>       |salida<14>     |    8.377|
suma2<7>       |salida<15>     |    8.246|
suma2<7>       |salida<16>     |    9.021|
suma2<7>       |salida<17>     |    9.099|
suma2<7>       |salida<18>     |    8.474|
suma2<7>       |salida<19>     |    8.219|
suma2<7>       |salida<20>     |    8.993|
suma2<7>       |salida<21>     |    8.739|
suma2<7>       |salida<22>     |    8.080|
suma2<7>       |salida<23>     |    8.544|
suma2<7>       |salida<24>     |    8.068|
suma2<7>       |salida<25>     |    8.422|
suma2<7>       |salida<26>     |    8.328|
suma2<7>       |salida<27>     |    9.120|
suma2<7>       |salida<28>     |    7.787|
suma2<7>       |salida<29>     |    7.865|
suma2<7>       |salida<30>     |    7.863|
suma2<7>       |salida<31>     |    8.244|
suma2<8>       |salida<8>      |    8.618|
suma2<8>       |salida<9>      |    9.110|
suma2<8>       |salida<10>     |    9.118|
suma2<8>       |salida<11>     |    8.915|
suma2<8>       |salida<12>     |    9.149|
suma2<8>       |salida<13>     |    9.425|
suma2<8>       |salida<14>     |    9.177|
suma2<8>       |salida<15>     |    9.046|
suma2<8>       |salida<16>     |    9.821|
suma2<8>       |salida<17>     |    9.899|
suma2<8>       |salida<18>     |    9.274|
suma2<8>       |salida<19>     |    9.019|
suma2<8>       |salida<20>     |    9.793|
suma2<8>       |salida<21>     |    9.539|
suma2<8>       |salida<22>     |    8.880|
suma2<8>       |salida<23>     |    9.344|
suma2<8>       |salida<24>     |    8.868|
suma2<8>       |salida<25>     |    9.222|
suma2<8>       |salida<26>     |    9.128|
suma2<8>       |salida<27>     |    9.920|
suma2<8>       |salida<28>     |    8.587|
suma2<8>       |salida<29>     |    8.665|
suma2<8>       |salida<30>     |    8.663|
suma2<8>       |salida<31>     |    9.044|
suma2<9>       |salida<9>      |    8.612|
suma2<9>       |salida<10>     |    8.837|
suma2<9>       |salida<11>     |    8.634|
suma2<9>       |salida<12>     |    8.868|
suma2<9>       |salida<13>     |    9.144|
suma2<9>       |salida<14>     |    8.896|
suma2<9>       |salida<15>     |    8.765|
suma2<9>       |salida<16>     |    9.540|
suma2<9>       |salida<17>     |    9.618|
suma2<9>       |salida<18>     |    8.993|
suma2<9>       |salida<19>     |    8.738|
suma2<9>       |salida<20>     |    9.512|
suma2<9>       |salida<21>     |    9.258|
suma2<9>       |salida<22>     |    8.599|
suma2<9>       |salida<23>     |    9.063|
suma2<9>       |salida<24>     |    8.587|
suma2<9>       |salida<25>     |    8.941|
suma2<9>       |salida<26>     |    8.847|
suma2<9>       |salida<27>     |    9.639|
suma2<9>       |salida<28>     |    8.306|
suma2<9>       |salida<29>     |    8.384|
suma2<9>       |salida<30>     |    8.382|
suma2<9>       |salida<31>     |    8.763|
suma2<10>      |salida<10>     |    8.631|
suma2<10>      |salida<11>     |    8.579|
suma2<10>      |salida<12>     |    9.050|
suma2<10>      |salida<13>     |    9.326|
suma2<10>      |salida<14>     |    9.078|
suma2<10>      |salida<15>     |    8.947|
suma2<10>      |salida<16>     |    9.722|
suma2<10>      |salida<17>     |    9.800|
suma2<10>      |salida<18>     |    9.175|
suma2<10>      |salida<19>     |    8.920|
suma2<10>      |salida<20>     |    9.694|
suma2<10>      |salida<21>     |    9.440|
suma2<10>      |salida<22>     |    8.781|
suma2<10>      |salida<23>     |    9.245|
suma2<10>      |salida<24>     |    8.769|
suma2<10>      |salida<25>     |    9.123|
suma2<10>      |salida<26>     |    9.029|
suma2<10>      |salida<27>     |    9.821|
suma2<10>      |salida<28>     |    8.488|
suma2<10>      |salida<29>     |    8.566|
suma2<10>      |salida<30>     |    8.564|
suma2<10>      |salida<31>     |    8.945|
suma2<11>      |salida<11>     |    7.734|
suma2<11>      |salida<12>     |    8.422|
suma2<11>      |salida<13>     |    8.698|
suma2<11>      |salida<14>     |    8.450|
suma2<11>      |salida<15>     |    8.319|
suma2<11>      |salida<16>     |    9.094|
suma2<11>      |salida<17>     |    9.172|
suma2<11>      |salida<18>     |    8.547|
suma2<11>      |salida<19>     |    8.292|
suma2<11>      |salida<20>     |    9.066|
suma2<11>      |salida<21>     |    8.812|
suma2<11>      |salida<22>     |    8.153|
suma2<11>      |salida<23>     |    8.617|
suma2<11>      |salida<24>     |    8.141|
suma2<11>      |salida<25>     |    8.495|
suma2<11>      |salida<26>     |    8.401|
suma2<11>      |salida<27>     |    9.193|
suma2<11>      |salida<28>     |    7.860|
suma2<11>      |salida<29>     |    7.938|
suma2<11>      |salida<30>     |    7.936|
suma2<11>      |salida<31>     |    8.317|
suma2<12>      |salida<12>     |    8.104|
suma2<12>      |salida<13>     |    8.531|
suma2<12>      |salida<14>     |    8.520|
suma2<12>      |salida<15>     |    8.389|
suma2<12>      |salida<16>     |    9.164|
suma2<12>      |salida<17>     |    9.242|
suma2<12>      |salida<18>     |    8.617|
suma2<12>      |salida<19>     |    8.362|
suma2<12>      |salida<20>     |    9.136|
suma2<12>      |salida<21>     |    8.882|
suma2<12>      |salida<22>     |    8.223|
suma2<12>      |salida<23>     |    8.687|
suma2<12>      |salida<24>     |    8.211|
suma2<12>      |salida<25>     |    8.565|
suma2<12>      |salida<26>     |    8.471|
suma2<12>      |salida<27>     |    9.263|
suma2<12>      |salida<28>     |    7.930|
suma2<12>      |salida<29>     |    8.008|
suma2<12>      |salida<30>     |    8.006|
suma2<12>      |salida<31>     |    8.387|
suma2<13>      |salida<13>     |    8.766|
suma2<13>      |salida<14>     |    8.972|
suma2<13>      |salida<15>     |    8.841|
suma2<13>      |salida<16>     |    9.616|
suma2<13>      |salida<17>     |    9.694|
suma2<13>      |salida<18>     |    9.069|
suma2<13>      |salida<19>     |    8.814|
suma2<13>      |salida<20>     |    9.588|
suma2<13>      |salida<21>     |    9.334|
suma2<13>      |salida<22>     |    8.675|
suma2<13>      |salida<23>     |    9.139|
suma2<13>      |salida<24>     |    8.663|
suma2<13>      |salida<25>     |    9.017|
suma2<13>      |salida<26>     |    8.923|
suma2<13>      |salida<27>     |    9.715|
suma2<13>      |salida<28>     |    8.382|
suma2<13>      |salida<29>     |    8.460|
suma2<13>      |salida<30>     |    8.458|
suma2<13>      |salida<31>     |    8.839|
suma2<14>      |salida<14>     |    8.296|
suma2<14>      |salida<15>     |    8.316|
suma2<14>      |salida<16>     |    9.328|
suma2<14>      |salida<17>     |    9.406|
suma2<14>      |salida<18>     |    8.781|
suma2<14>      |salida<19>     |    8.526|
suma2<14>      |salida<20>     |    9.300|
suma2<14>      |salida<21>     |    9.046|
suma2<14>      |salida<22>     |    8.387|
suma2<14>      |salida<23>     |    8.851|
suma2<14>      |salida<24>     |    8.375|
suma2<14>      |salida<25>     |    8.729|
suma2<14>      |salida<26>     |    8.635|
suma2<14>      |salida<27>     |    9.427|
suma2<14>      |salida<28>     |    8.094|
suma2<14>      |salida<29>     |    8.172|
suma2<14>      |salida<30>     |    8.170|
suma2<14>      |salida<31>     |    8.551|
suma2<15>      |salida<15>     |    8.508|
suma2<15>      |salida<16>     |    9.737|
suma2<15>      |salida<17>     |    9.815|
suma2<15>      |salida<18>     |    9.190|
suma2<15>      |salida<19>     |    8.935|
suma2<15>      |salida<20>     |    9.709|
suma2<15>      |salida<21>     |    9.455|
suma2<15>      |salida<22>     |    8.796|
suma2<15>      |salida<23>     |    9.260|
suma2<15>      |salida<24>     |    8.784|
suma2<15>      |salida<25>     |    9.138|
suma2<15>      |salida<26>     |    9.044|
suma2<15>      |salida<27>     |    9.836|
suma2<15>      |salida<28>     |    8.503|
suma2<15>      |salida<29>     |    8.581|
suma2<15>      |salida<30>     |    8.579|
suma2<15>      |salida<31>     |    8.960|
suma2<16>      |salida<16>     |    8.860|
suma2<16>      |salida<17>     |    9.089|
suma2<16>      |salida<18>     |    8.701|
suma2<16>      |salida<19>     |    8.446|
suma2<16>      |salida<20>     |    9.220|
suma2<16>      |salida<21>     |    8.966|
suma2<16>      |salida<22>     |    8.307|
suma2<16>      |salida<23>     |    8.771|
suma2<16>      |salida<24>     |    8.295|
suma2<16>      |salida<25>     |    8.649|
suma2<16>      |salida<26>     |    8.555|
suma2<16>      |salida<27>     |    9.347|
suma2<16>      |salida<28>     |    8.014|
suma2<16>      |salida<29>     |    8.092|
suma2<16>      |salida<30>     |    8.090|
suma2<16>      |salida<31>     |    8.471|
suma2<17>      |salida<17>     |    8.836|
suma2<17>      |salida<18>     |    8.665|
suma2<17>      |salida<19>     |    8.410|
suma2<17>      |salida<20>     |    9.184|
suma2<17>      |salida<21>     |    8.930|
suma2<17>      |salida<22>     |    8.271|
suma2<17>      |salida<23>     |    8.735|
suma2<17>      |salida<24>     |    8.259|
suma2<17>      |salida<25>     |    8.613|
suma2<17>      |salida<26>     |    8.519|
suma2<17>      |salida<27>     |    9.311|
suma2<17>      |salida<28>     |    7.978|
suma2<17>      |salida<29>     |    8.056|
suma2<17>      |salida<30>     |    8.054|
suma2<17>      |salida<31>     |    8.435|
suma2<18>      |salida<18>     |    8.206|
suma2<18>      |salida<19>     |    8.102|
suma2<18>      |salida<20>     |    9.113|
suma2<18>      |salida<21>     |    8.859|
suma2<18>      |salida<22>     |    8.200|
suma2<18>      |salida<23>     |    8.664|
suma2<18>      |salida<24>     |    8.188|
suma2<18>      |salida<25>     |    8.542|
suma2<18>      |salida<26>     |    8.448|
suma2<18>      |salida<27>     |    9.240|
suma2<18>      |salida<28>     |    7.907|
suma2<18>      |salida<29>     |    7.985|
suma2<18>      |salida<30>     |    7.983|
suma2<18>      |salida<31>     |    8.364|
suma2<19>      |salida<19>     |    7.791|
suma2<19>      |salida<20>     |    9.019|
suma2<19>      |salida<21>     |    8.765|
suma2<19>      |salida<22>     |    8.106|
suma2<19>      |salida<23>     |    8.570|
suma2<19>      |salida<24>     |    8.094|
suma2<19>      |salida<25>     |    8.448|
suma2<19>      |salida<26>     |    8.354|
suma2<19>      |salida<27>     |    9.146|
suma2<19>      |salida<28>     |    7.813|
suma2<19>      |salida<29>     |    7.891|
suma2<19>      |salida<30>     |    7.889|
suma2<19>      |salida<31>     |    8.270|
suma2<20>      |salida<20>     |    8.717|
suma2<20>      |salida<21>     |    8.614|
suma2<20>      |salida<22>     |    8.192|
suma2<20>      |salida<23>     |    8.656|
suma2<20>      |salida<24>     |    8.180|
suma2<20>      |salida<25>     |    8.534|
suma2<20>      |salida<26>     |    8.440|
suma2<20>      |salida<27>     |    9.232|
suma2<20>      |salida<28>     |    7.899|
suma2<20>      |salida<29>     |    7.977|
suma2<20>      |salida<30>     |    7.975|
suma2<20>      |salida<31>     |    8.356|
suma2<21>      |salida<21>     |    8.191|
suma2<21>      |salida<22>     |    7.986|
suma2<21>      |salida<23>     |    8.450|
suma2<21>      |salida<24>     |    7.974|
suma2<21>      |salida<25>     |    8.328|
suma2<21>      |salida<26>     |    8.234|
suma2<21>      |salida<27>     |    9.026|
suma2<21>      |salida<28>     |    7.693|
suma2<21>      |salida<29>     |    7.771|
suma2<21>      |salida<30>     |    7.769|
suma2<21>      |salida<31>     |    8.150|
suma2<22>      |salida<22>     |    7.647|
suma2<22>      |salida<23>     |    8.262|
suma2<22>      |salida<24>     |    8.023|
suma2<22>      |salida<25>     |    8.377|
suma2<22>      |salida<26>     |    8.283|
suma2<22>      |salida<27>     |    9.075|
suma2<22>      |salida<28>     |    7.742|
suma2<22>      |salida<29>     |    7.820|
suma2<22>      |salida<30>     |    7.818|
suma2<22>      |salida<31>     |    8.199|
suma2<23>      |salida<23>     |    8.150|
suma2<23>      |salida<24>     |    8.128|
suma2<23>      |salida<25>     |    8.482|
suma2<23>      |salida<26>     |    8.388|
suma2<23>      |salida<27>     |    9.180|
suma2<23>      |salida<28>     |    7.847|
suma2<23>      |salida<29>     |    7.925|
suma2<23>      |salida<30>     |    7.923|
suma2<23>      |salida<31>     |    8.304|
suma2<24>      |salida<24>     |    7.878|
suma2<24>      |salida<25>     |    8.383|
suma2<24>      |salida<26>     |    8.526|
suma2<24>      |salida<27>     |    9.318|
suma2<24>      |salida<28>     |    7.985|
suma2<24>      |salida<29>     |    8.063|
suma2<24>      |salida<30>     |    8.061|
suma2<24>      |salida<31>     |    8.442|
suma2<25>      |salida<25>     |    8.205|
suma2<25>      |salida<26>     |    8.565|
suma2<25>      |salida<27>     |    9.357|
suma2<25>      |salida<28>     |    8.024|
suma2<25>      |salida<29>     |    8.102|
suma2<25>      |salida<30>     |    8.100|
suma2<25>      |salida<31>     |    8.481|
suma2<26>      |salida<26>     |    8.198|
suma2<26>      |salida<27>     |    9.141|
suma2<26>      |salida<28>     |    8.045|
suma2<26>      |salida<29>     |    8.123|
suma2<26>      |salida<30>     |    8.121|
suma2<26>      |salida<31>     |    8.502|
suma2<27>      |salida<27>     |    8.984|
suma2<27>      |salida<28>     |    8.105|
suma2<27>      |salida<29>     |    8.183|
suma2<27>      |salida<30>     |    8.181|
suma2<27>      |salida<31>     |    8.562|
suma2<28>      |salida<28>     |    7.705|
suma2<28>      |salida<29>     |    7.934|
suma2<28>      |salida<30>     |    8.169|
suma2<28>      |salida<31>     |    8.550|
suma2<29>      |salida<29>     |    7.576|
suma2<29>      |salida<30>     |    8.028|
suma2<29>      |salida<31>     |    8.409|
suma2<30>      |salida<30>     |    7.603|
suma2<30>      |salida<31>     |    8.135|
suma2<31>      |salida<31>     |    7.789|
---------------+---------------+---------+


Analysis completed Mon Oct 17 10:24:27 2016 
--------------------------------------------------------------------------------

Trace Settings:
-------------------------
Trace Settings 

Peak Memory Usage: 178 MB



