AR procesador2_final behavioral C:/Users/Juli/Desktop/Daniela/trabajoxilinx/procesador3_finalDanielaDelgadoGaleano/procesador1_Daniela/procesador2_final.vhd sub00/vhpl19 1477934681
AR mux behavioral C:/Users/Juli/Desktop/Daniela/trabajoxilinx/procesador3_finalDanielaDelgadoGaleano/procesador3_Daniela/mUX.vhd sub00/vhpl05 1478018215
EN psr NULL C:/Users/Juli/Desktop/Daniela/trabajoxilinx/procesador3_finalDanielaDelgadoGaleano/procesador3_Daniela/pSR.vhd sub00/vhpl22 1478018220
AR procesador3_finaldanieladelgado behavioral C:/Users/Juli/Desktop/Daniela/trabajoxilinx/procesador3_finalDanielaDelgadoGaleano/procesador3_Daniela/Procesador3_finalDanielaDelgado.vhd sub00/vhpl27 1478018225
EN seu NULL C:/Users/Juli/Desktop/Daniela/trabajoxilinx/procesador3_finalDanielaDelgadoGaleano/procesador3_Daniela/sEU.vhd sub00/vhpl16 1478018216
AR im behavioral C:/Users/Juli/Desktop/Daniela/trabajoxilinx/procesador3_finalDanielaDelgadoGaleano/procesador3_Daniela/iM.vhd sub00/vhpl11 1478018209
AR npc behavioral C:/Users/Juli/Desktop/Daniela/trabajoxilinx/procesador3_finalDanielaDelgadoGaleano/procesador3_Daniela/nPC.vhd sub00/vhpl09 1478018207
EN im NULL C:/Users/Juli/Desktop/Daniela/trabajoxilinx/procesador3_finalDanielaDelgadoGaleano/procesador3_Daniela/iM.vhd sub00/vhpl10 1478018208
EN procesador3_final NULL C:/Users/Juli/Desktop/Daniela/trabajoxilinx/procesador3_finalDanielaDelgadoGaleano/procesador3_Daniela/procesador2_final.vhd sub00/vhpl24 1478016768
AR seu behavioral C:/Users/Juli/Desktop/Daniela/trabajoxilinx/procesador3_finalDanielaDelgadoGaleano/procesador3_Daniela/sEU.vhd sub00/vhpl17 1478018217
AR sumador behavioral C:/Users/Juli/Desktop/Daniela/trabajoxilinx/procesador3_finalDanielaDelgadoGaleano/procesador3_Daniela/sumadOR.vhd sub00/vhpl01 1478018205
AR procesador3_final behavioral C:/Users/Juli/Desktop/Daniela/trabajoxilinx/procesador3_finalDanielaDelgadoGaleano/procesador3_Daniela/procesador2_final.vhd sub00/vhpl25 1478016769
EN procesador2_final NULL C:/Users/Juli/Desktop/Daniela/trabajoxilinx/procesador3_finalDanielaDelgadoGaleano/procesador1_Daniela/procesador2_final.vhd sub00/vhpl18 1477934680
AR psr_modifier behavioral C:/Users/Juli/Desktop/Daniela/trabajoxilinx/procesador3_finalDanielaDelgadoGaleano/procesador3_Daniela/pSR_modifier.vhd sub00/vhpl21 1478018219
EN rf NULL C:/Users/Juli/Desktop/Daniela/trabajoxilinx/procesador3_finalDanielaDelgadoGaleano/procesador3_Daniela/rF.vhd sub00/vhpl14 1478018212
AR tb_mux behavior H:/procesadores/procesador1_Daniela/Tb_mUX.vhd sub00/vhpl07 1476735098
AR uc behavioral C:/Users/Juli/Desktop/Daniela/trabajoxilinx/procesador3_finalDanielaDelgadoGaleano/procesador3_Daniela/uC.vhd sub00/vhpl13 1478018211
EN uc NULL C:/Users/Juli/Desktop/Daniela/trabajoxilinx/procesador3_finalDanielaDelgadoGaleano/procesador3_Daniela/uC.vhd sub00/vhpl12 1478018210
AR psr behavioral C:/Users/Juli/Desktop/Daniela/trabajoxilinx/procesador3_finalDanielaDelgadoGaleano/procesador3_Daniela/pSR.vhd sub00/vhpl23 1478018221
EN npc NULL C:/Users/Juli/Desktop/Daniela/trabajoxilinx/procesador3_finalDanielaDelgadoGaleano/procesador3_Daniela/nPC.vhd sub00/vhpl08 1478018206
EN psr_modifier NULL C:/Users/Juli/Desktop/Daniela/trabajoxilinx/procesador3_finalDanielaDelgadoGaleano/procesador3_Daniela/pSR_modifier.vhd sub00/vhpl20 1478018218
EN mux NULL C:/Users/Juli/Desktop/Daniela/trabajoxilinx/procesador3_finalDanielaDelgadoGaleano/procesador3_Daniela/mUX.vhd sub00/vhpl04 1478018214
AR alu behavioral C:/Users/Juli/Desktop/Daniela/trabajoxilinx/procesador3_finalDanielaDelgadoGaleano/procesador3_Daniela/aLU.vhd sub00/vhpl03 1478018223
EN sumador NULL C:/Users/Juli/Desktop/Daniela/trabajoxilinx/procesador3_finalDanielaDelgadoGaleano/procesador3_Daniela/sumadOR.vhd sub00/vhpl00 1478018204
EN tb_mux NULL H:/procesadores/procesador1_Daniela/Tb_mUX.vhd sub00/vhpl06 1476735097
EN procesador3_finaldanieladelgado NULL C:/Users/Juli/Desktop/Daniela/trabajoxilinx/procesador3_finalDanielaDelgadoGaleano/procesador3_Daniela/Procesador3_finalDanielaDelgado.vhd sub00/vhpl26 1478018224
AR rf behavioral C:/Users/Juli/Desktop/Daniela/trabajoxilinx/procesador3_finalDanielaDelgadoGaleano/procesador3_Daniela/rF.vhd sub00/vhpl15 1478018213
EN alu NULL C:/Users/Juli/Desktop/Daniela/trabajoxilinx/procesador3_finalDanielaDelgadoGaleano/procesador3_Daniela/aLU.vhd sub00/vhpl02 1478018222
