V3 93
FL C:/Users/Juli/Desktop/Daniela/trabajoxilinx/procesador3_finalDanielaDelgadoGaleano/procesador1_Daniela/aLU.vhd 2016/10/31.11:16:50 P.20131013
FL C:/Users/Juli/Desktop/Daniela/trabajoxilinx/procesador3_finalDanielaDelgadoGaleano/procesador1_Daniela/iM.vhd 2016/10/18.21:25:46 P.20131013
FL C:/Users/Juli/Desktop/Daniela/trabajoxilinx/procesador3_finalDanielaDelgadoGaleano/procesador1_Daniela/mUX.vhd 2016/10/18.11:43:18 P.20131013
FL C:/Users/Juli/Desktop/Daniela/trabajoxilinx/procesador3_finalDanielaDelgadoGaleano/procesador1_Daniela/nPC.vhd 2016/10/17.09:55:42 P.20131013
FL C:/Users/Juli/Desktop/Daniela/trabajoxilinx/procesador3_finalDanielaDelgadoGaleano/procesador1_Daniela/procesador2_final.vhd 2016/10/31.12:28:20 P.20131013
AR work/procesador2_final/Behavioral 1477934681 \
      FL C:/Users/Juli/Desktop/Daniela/trabajoxilinx/procesador3_finalDanielaDelgadoGaleano/procesador1_Daniela/procesador2_final.vhd \
      EN work/procesador2_final 1477934680 CP sumadOR CP nPC CP iM CP uC CP rF CP mUX \
      CP sEU CP pSR_modifier CP pSR CP aLU
FL C:/Users/Juli/Desktop/Daniela/trabajoxilinx/procesador3_finalDanielaDelgadoGaleano/procesador1_Daniela/pSR.vhd 2016/10/30.11:50:27 P.20131013
FL C:/Users/Juli/Desktop/Daniela/trabajoxilinx/procesador3_finalDanielaDelgadoGaleano/procesador1_Daniela/pSR_modifier.vhd 2016/10/31.11:29:08 P.20131013
FL C:/Users/Juli/Desktop/Daniela/trabajoxilinx/procesador3_finalDanielaDelgadoGaleano/procesador1_Daniela/rF.vhd 2016/10/18.21:20:04 P.20131013
FL C:/Users/Juli/Desktop/Daniela/trabajoxilinx/procesador3_finalDanielaDelgadoGaleano/procesador1_Daniela/sEU.vhd 2016/10/18.11:44:12 P.20131013
FL C:/Users/Juli/Desktop/Daniela/trabajoxilinx/procesador3_finalDanielaDelgadoGaleano/procesador1_Daniela/sumadOR.vhd 2016/10/17.09:25:20 P.20131013
FL C:/Users/Juli/Desktop/Daniela/trabajoxilinx/procesador3_finalDanielaDelgadoGaleano/procesador1_Daniela/uC.vhd 2016/10/31.11:29:14 P.20131013
FL C:/Users/Juli/Desktop/Daniela/trabajoxilinx/procesador3_finalDanielaDelgadoGaleano/procesador3_Daniela/aLU.vhd 2016/11/01.11:11:57 P.20131013
EN work/aLU 1478018222 \
      FL C:/Users/Juli/Desktop/Daniela/trabajoxilinx/procesador3_finalDanielaDelgadoGaleano/procesador3_Daniela/aLU.vhd \
      PB ieee/std_logic_1164 1381692176 PB ieee/STD_LOGIC_UNSIGNED 1381692179
AR work/aLU/Behavioral 1478018223 \
      FL C:/Users/Juli/Desktop/Daniela/trabajoxilinx/procesador3_finalDanielaDelgadoGaleano/procesador3_Daniela/aLU.vhd \
      EN work/aLU 1478018222
FL C:/Users/Juli/Desktop/Daniela/trabajoxilinx/procesador3_finalDanielaDelgadoGaleano/procesador3_Daniela/iM.vhd 2016/11/01.10:52:48 P.20131013
EN work/iM 1478018208 \
      FL C:/Users/Juli/Desktop/Daniela/trabajoxilinx/procesador3_finalDanielaDelgadoGaleano/procesador3_Daniela/iM.vhd \
      PB ieee/std_logic_1164 1381692176 PB ieee/STD_LOGIC_UNSIGNED 1381692179 \
      PB std/TEXTIO 1381692176
AR work/iM/Behavioral 1478018209 \
      FL C:/Users/Juli/Desktop/Daniela/trabajoxilinx/procesador3_finalDanielaDelgadoGaleano/procesador3_Daniela/iM.vhd \
      EN work/iM 1478018208
FL C:/Users/Juli/Desktop/Daniela/trabajoxilinx/procesador3_finalDanielaDelgadoGaleano/procesador3_Daniela/mUX.vhd 2016/10/18.11:43:18 P.20131013
EN work/mUX 1478018214 \
      FL C:/Users/Juli/Desktop/Daniela/trabajoxilinx/procesador3_finalDanielaDelgadoGaleano/procesador3_Daniela/mUX.vhd \
      PB ieee/std_logic_1164 1381692176
AR work/mUX/Behavioral 1478018215 \
      FL C:/Users/Juli/Desktop/Daniela/trabajoxilinx/procesador3_finalDanielaDelgadoGaleano/procesador3_Daniela/mUX.vhd \
      EN work/mUX 1478018214
FL C:/Users/Juli/Desktop/Daniela/trabajoxilinx/procesador3_finalDanielaDelgadoGaleano/procesador3_Daniela/nPC.vhd 2016/10/17.09:55:42 P.20131013
EN work/nPC 1478018206 \
      FL C:/Users/Juli/Desktop/Daniela/trabajoxilinx/procesador3_finalDanielaDelgadoGaleano/procesador3_Daniela/nPC.vhd \
      PB ieee/std_logic_1164 1381692176
AR work/nPC/Behavioral 1478018207 \
      FL C:/Users/Juli/Desktop/Daniela/trabajoxilinx/procesador3_finalDanielaDelgadoGaleano/procesador3_Daniela/nPC.vhd \
      EN work/nPC 1478018206
FL C:/Users/Juli/Desktop/Daniela/trabajoxilinx/procesador3_finalDanielaDelgadoGaleano/procesador3_Daniela/procesador2_final.vhd 2016/11/01.09:28:09 P.20131013
EN work/procesador3_final 1478016768 \
      FL C:/Users/Juli/Desktop/Daniela/trabajoxilinx/procesador3_finalDanielaDelgadoGaleano/procesador3_Daniela/procesador2_final.vhd \
      PB ieee/std_logic_1164 1381692176
AR work/procesador3_final/Behavioral 1478016769 \
      FL C:/Users/Juli/Desktop/Daniela/trabajoxilinx/procesador3_finalDanielaDelgadoGaleano/procesador3_Daniela/procesador2_final.vhd \
      EN work/procesador3_final 1478016768 CP sumadOR CP nPC CP iM CP uC CP rF CP mUX \
      CP sEU CP pSR_modifier CP pSR CP aLU
FL C:/Users/Juli/Desktop/Daniela/trabajoxilinx/procesador3_finalDanielaDelgadoGaleano/procesador3_Daniela/Procesador3_finalDanielaDelgado.vhd 2016/11/01.11:31:26 P.20131013
EN work/Procesador3_finalDanielaDelgado 1478018224 \
      FL C:/Users/Juli/Desktop/Daniela/trabajoxilinx/procesador3_finalDanielaDelgadoGaleano/procesador3_Daniela/Procesador3_finalDanielaDelgado.vhd \
      PB ieee/std_logic_1164 1381692176
AR work/Procesador3_finalDanielaDelgado/Behavioral 1478018225 \
      FL C:/Users/Juli/Desktop/Daniela/trabajoxilinx/procesador3_finalDanielaDelgadoGaleano/procesador3_Daniela/Procesador3_finalDanielaDelgado.vhd \
      EN work/Procesador3_finalDanielaDelgado 1478018224 CP sumadOR CP nPC CP iM \
      CP uC CP rF CP mUX CP sEU CP pSR_modifier CP pSR CP aLU
FL C:/Users/Juli/Desktop/Daniela/trabajoxilinx/procesador3_finalDanielaDelgadoGaleano/procesador3_Daniela/pSR.vhd 2016/10/30.11:50:27 P.20131013
EN work/pSR 1478018220 \
      FL C:/Users/Juli/Desktop/Daniela/trabajoxilinx/procesador3_finalDanielaDelgadoGaleano/procesador3_Daniela/pSR.vhd \
      PB ieee/std_logic_1164 1381692176
AR work/pSR/Behavioral 1478018221 \
      FL C:/Users/Juli/Desktop/Daniela/trabajoxilinx/procesador3_finalDanielaDelgadoGaleano/procesador3_Daniela/pSR.vhd \
      EN work/pSR 1478018220
FL C:/Users/Juli/Desktop/Daniela/trabajoxilinx/procesador3_finalDanielaDelgadoGaleano/procesador3_Daniela/pSR_modifier.vhd 2016/10/31.11:29:08 P.20131013
EN work/pSR_modifier 1478018218 \
      FL C:/Users/Juli/Desktop/Daniela/trabajoxilinx/procesador3_finalDanielaDelgadoGaleano/procesador3_Daniela/pSR_modifier.vhd \
      PB ieee/std_logic_1164 1381692176 PB ieee/NUMERIC_STD 1381692181 \
      PB ieee/STD_LOGIC_UNSIGNED 1381692179 PB std/TEXTIO 1381692176
AR work/pSR_modifier/Behavioral 1478018219 \
      FL C:/Users/Juli/Desktop/Daniela/trabajoxilinx/procesador3_finalDanielaDelgadoGaleano/procesador3_Daniela/pSR_modifier.vhd \
      EN work/pSR_modifier 1478018218
FL C:/Users/Juli/Desktop/Daniela/trabajoxilinx/procesador3_finalDanielaDelgadoGaleano/procesador3_Daniela/rF.vhd 2016/10/18.21:20:04 P.20131013
EN work/rF 1478018212 \
      FL C:/Users/Juli/Desktop/Daniela/trabajoxilinx/procesador3_finalDanielaDelgadoGaleano/procesador3_Daniela/rF.vhd \
      PB ieee/std_logic_1164 1381692176 PB ieee/STD_LOGIC_UNSIGNED 1381692179
AR work/rF/Behavioral 1478018213 \
      FL C:/Users/Juli/Desktop/Daniela/trabajoxilinx/procesador3_finalDanielaDelgadoGaleano/procesador3_Daniela/rF.vhd \
      EN work/rF 1478018212
FL C:/Users/Juli/Desktop/Daniela/trabajoxilinx/procesador3_finalDanielaDelgadoGaleano/procesador3_Daniela/sEU.vhd 2016/10/18.11:44:12 P.20131013
EN work/sEU 1478018216 \
      FL C:/Users/Juli/Desktop/Daniela/trabajoxilinx/procesador3_finalDanielaDelgadoGaleano/procesador3_Daniela/sEU.vhd \
      PB ieee/std_logic_1164 1381692176
AR work/sEU/Behavioral 1478018217 \
      FL C:/Users/Juli/Desktop/Daniela/trabajoxilinx/procesador3_finalDanielaDelgadoGaleano/procesador3_Daniela/sEU.vhd \
      EN work/sEU 1478018216
FL C:/Users/Juli/Desktop/Daniela/trabajoxilinx/procesador3_finalDanielaDelgadoGaleano/procesador3_Daniela/sumadOR.vhd 2016/10/17.09:25:20 P.20131013
EN work/sumadOR 1478018204 \
      FL C:/Users/Juli/Desktop/Daniela/trabajoxilinx/procesador3_finalDanielaDelgadoGaleano/procesador3_Daniela/sumadOR.vhd \
      PB ieee/std_logic_1164 1381692176 PB ieee/STD_LOGIC_UNSIGNED 1381692179
AR work/sumadOR/Behavioral 1478018205 \
      FL C:/Users/Juli/Desktop/Daniela/trabajoxilinx/procesador3_finalDanielaDelgadoGaleano/procesador3_Daniela/sumadOR.vhd \
      EN work/sumadOR 1478018204
FL C:/Users/Juli/Desktop/Daniela/trabajoxilinx/procesador3_finalDanielaDelgadoGaleano/procesador3_Daniela/uC.vhd 2016/10/31.11:29:14 P.20131013
EN work/uC 1478018210 \
      FL C:/Users/Juli/Desktop/Daniela/trabajoxilinx/procesador3_finalDanielaDelgadoGaleano/procesador3_Daniela/uC.vhd \
      PB ieee/std_logic_1164 1381692176
AR work/uC/Behavioral 1478018211 \
      FL C:/Users/Juli/Desktop/Daniela/trabajoxilinx/procesador3_finalDanielaDelgadoGaleano/procesador3_Daniela/uC.vhd \
      EN work/uC 1478018210
FL C:/Users/Juli/Downloads/procesador2_finalDanielaDelgadoGaleano/procesador1_Daniela/aLU.vhd 2016/10/17.10:41:30 P.20131013
FL C:/Users/Juli/Downloads/procesador2_finalDanielaDelgadoGaleano/procesador1_Daniela/iM.vhd 2016/10/18.21:25:46 P.20131013
FL C:/Users/Juli/Downloads/procesador2_finalDanielaDelgadoGaleano/procesador1_Daniela/mUX.vhd 2016/10/18.11:43:18 P.20131013
FL C:/Users/Juli/Downloads/procesador2_finalDanielaDelgadoGaleano/procesador1_Daniela/nPC.vhd 2016/10/17.09:55:42 P.20131013
FL C:/Users/Juli/Downloads/procesador2_finalDanielaDelgadoGaleano/procesador1_Daniela/procesador2_final.vhd 2016/10/18.11:54:20 P.20131013
FL C:/Users/Juli/Downloads/procesador2_finalDanielaDelgadoGaleano/procesador1_Daniela/rF.vhd 2016/10/18.21:20:04 P.20131013
FL C:/Users/Juli/Downloads/procesador2_finalDanielaDelgadoGaleano/procesador1_Daniela/sEU.vhd 2016/10/18.11:44:12 P.20131013
FL C:/Users/Juli/Downloads/procesador2_finalDanielaDelgadoGaleano/procesador1_Daniela/sumadOR.vhd 2016/10/17.09:25:20 P.20131013
FL C:/Users/Juli/Downloads/procesador2_finalDanielaDelgadoGaleano/procesador1_Daniela/uC.vhd 2016/10/17.10:31:40 P.20131013
FL E:/d/procesador1_Daniela/aLU.vhd 2016/10/17.10:41:30 P.20131013
FL E:/d/procesador1_Daniela/iM.vhd 2016/10/18.11:44:32 P.20131013
FL E:/d/procesador1_Daniela/mUX.vhd 2016/10/18.11:43:18 P.20131013
FL E:/d/procesador1_Daniela/nPC.vhd 2016/10/17.09:55:42 P.20131013
FL E:/d/procesador1_Daniela/procesador2_final.vhd 2016/10/18.11:54:20 P.20131013
FL E:/d/procesador1_Daniela/rF.vhd 2016/10/18.11:22:42 P.20131013
FL E:/d/procesador1_Daniela/sEU.vhd 2016/10/18.11:44:12 P.20131013
FL E:/d/procesador1_Daniela/sumadOR.vhd 2016/10/17.09:25:20 P.20131013
FL E:/d/procesador1_Daniela/uC.vhd 2016/10/17.10:31:40 P.20131013
FL E:/d/procesador2_finalDanielaDelgadoGaleano/procesador1_Daniela/aLU.vhd 2016/10/17.10:41:30 P.20131013
FL E:/d/procesador2_finalDanielaDelgadoGaleano/procesador1_Daniela/iM.vhd 2016/10/18.19:55:18 P.20131013
FL E:/d/procesador2_finalDanielaDelgadoGaleano/procesador1_Daniela/mUX.vhd 2016/10/18.11:43:18 P.20131013
FL E:/d/procesador2_finalDanielaDelgadoGaleano/procesador1_Daniela/nPC.vhd 2016/10/17.09:55:42 P.20131013
FL E:/d/procesador2_finalDanielaDelgadoGaleano/procesador1_Daniela/procesador2_final.vhd 2016/10/18.11:54:20 P.20131013
FL E:/d/procesador2_finalDanielaDelgadoGaleano/procesador1_Daniela/rF.vhd 2016/10/18.11:22:42 P.20131013
FL E:/d/procesador2_finalDanielaDelgadoGaleano/procesador1_Daniela/sEU.vhd 2016/10/18.11:44:12 P.20131013
FL E:/d/procesador2_finalDanielaDelgadoGaleano/procesador1_Daniela/sumadOR.vhd 2016/10/17.09:25:20 P.20131013
FL E:/d/procesador2_finalDanielaDelgadoGaleano/procesador1_Daniela/uC.vhd 2016/10/17.10:31:40 P.20131013
FL H:/procesadores/procesador1_Daniela/aLU.vhd 2016/10/17.10:41:30 P.20131013
FL H:/procesadores/procesador1_Daniela/mUX.vhd 2016/10/17.13:34:08 P.20131013
FL H:/procesadores/procesador1_Daniela/sEU.vhd 2016/10/17.13:43:18 P.20131013
FL H:/procesadores/procesador1_Daniela/sumadOR.vhd 2016/10/17.09:25:20 P.20131013
FL H:/procesadores/procesador1_Daniela/Tb_mUX.vhd 2016/10/17.13:33:20 P.20131013
EN work/Tb_mUX 1476735097 FL H:/procesadores/procesador1_Daniela/Tb_mUX.vhd \
      PB ieee/std_logic_1164 1381692176
AR work/Tb_mUX/behavior 1476735098 \
      FL H:/procesadores/procesador1_Daniela/Tb_mUX.vhd EN work/Tb_mUX 1476735097 \
      CP mUX
