AR procesador2_final behavioral E:/d/procesador2_finalDanielaDelgadoGaleano/procesador1_Daniela/procesador2_final.vhd sub00/vhpl19 1476826239
AR mux behavioral E:/d/procesador2_finalDanielaDelgadoGaleano/procesador1_Daniela/mUX.vhd sub00/vhpl05 1476826230
EN seu NULL E:/d/procesador2_finalDanielaDelgadoGaleano/procesador1_Daniela/sEU.vhd sub00/vhpl16 1476826232
AR im behavioral E:/d/procesador2_finalDanielaDelgadoGaleano/procesador1_Daniela/iM.vhd sub00/vhpl11 1476826221
AR npc behavioral E:/d/procesador2_finalDanielaDelgadoGaleano/procesador1_Daniela/nPC.vhd sub00/vhpl09 1476826219
EN im NULL E:/d/procesador2_finalDanielaDelgadoGaleano/procesador1_Daniela/iM.vhd sub00/vhpl10 1476826220
AR seu behavioral E:/d/procesador2_finalDanielaDelgadoGaleano/procesador1_Daniela/sEU.vhd sub00/vhpl17 1476826233
AR sumador behavioral E:/d/procesador2_finalDanielaDelgadoGaleano/procesador1_Daniela/sumadOR.vhd sub00/vhpl01 1476826216
EN procesador2_final NULL E:/d/procesador2_finalDanielaDelgadoGaleano/procesador1_Daniela/procesador2_final.vhd sub00/vhpl18 1476826238
EN rf NULL E:/d/procesador2_finalDanielaDelgadoGaleano/procesador1_Daniela/rF.vhd sub00/vhpl14 1476826226
AR tb_mux behavior H:/procesadores/procesador1_Daniela/Tb_mUX.vhd sub00/vhpl07 1476735098
AR uc behavioral E:/d/procesador2_finalDanielaDelgadoGaleano/procesador1_Daniela/uC.vhd sub00/vhpl13 1476826225
EN uc NULL E:/d/procesador2_finalDanielaDelgadoGaleano/procesador1_Daniela/uC.vhd sub00/vhpl12 1476826224
EN npc NULL E:/d/procesador2_finalDanielaDelgadoGaleano/procesador1_Daniela/nPC.vhd sub00/vhpl08 1476826218
EN mux NULL E:/d/procesador2_finalDanielaDelgadoGaleano/procesador1_Daniela/mUX.vhd sub00/vhpl04 1476826229
AR alu behavioral E:/d/procesador2_finalDanielaDelgadoGaleano/procesador1_Daniela/aLU.vhd sub00/vhpl03 1476826236
EN sumador NULL E:/d/procesador2_finalDanielaDelgadoGaleano/procesador1_Daniela/sumadOR.vhd sub00/vhpl00 1476826215
EN tb_mux NULL H:/procesadores/procesador1_Daniela/Tb_mUX.vhd sub00/vhpl06 1476735097
AR rf behavioral E:/d/procesador2_finalDanielaDelgadoGaleano/procesador1_Daniela/rF.vhd sub00/vhpl15 1476826227
EN alu NULL E:/d/procesador2_finalDanielaDelgadoGaleano/procesador1_Daniela/aLU.vhd sub00/vhpl02 1476826235
